2026-01-23 22:23:10,230 NanoPlot 1.46.2 started with arguments Namespace(threads=4, verbose=False, store=False, raw=False, huge=False, outdir='NanoPlot_trimmed_qc', no_static=False, prefix='', tsv_stats=False, only_report=False, info_in_report=False, maxlength=None, minlength=None, drop_outliers=False, downsample=None, loglength=False, percentqual=False, alength=False, minqual=None, runtime_until=None, readtype='1D', barcoded=False, no_supplementary=False, color='#4CB391', colormap='Greens', format=['png'], plots=['kde', 'dot'], legacy=None, listcolors=False, listcolormaps=False, no_N50=False, N50=False, title=None, font_scale=1, dpi=300, hide_stats=False, fastq=['porechop_output_sample01.fastq.gz'], fasta=None, fastq_rich=None, fastq_minimal=None, summary=None, bam=None, ubam=None, cram=None, pickle=None, feather=None, path='NanoPlot_trimmed_qc/')
2026-01-23 22:23:10,230 Python version is: 3.11.14 | packaged by conda-forge | (main, Oct 22 2025, 22:56:31) [Clang 19.1.7 ]
2026-01-23 22:23:15,637 Records in Fastq files should start with '@' character
concurrent.futures.process._RemoteTraceback: 
"""
Traceback (most recent call last):
  File "/opt/miniconda3/envs/porechop/lib/python3.11/concurrent/futures/process.py", line 261, in _process_worker
    r = call_item.fn(*call_item.args, **call_item.kwargs)
        ^^^^^^^^^^^^^^^^^^^^^^^^^^^^^^^^^^^^^^^^^^^^^^^^^
  File "/opt/miniconda3/envs/porechop/lib/python3.11/concurrent/futures/process.py", line 210, in _process_chunk
    return [fn(*args) for args in chunk]
           ^^^^^^^^^^^^^^^^^^^^^^^^^^^^^
  File "/opt/miniconda3/envs/porechop/lib/python3.11/concurrent/futures/process.py", line 210, in <listcomp>
    return [fn(*args) for args in chunk]
            ^^^^^^^^^
  File "/opt/miniconda3/envs/porechop/lib/python3.11/site-packages/nanoget/extraction_functions.py", line 392, in process_fastq_plain
    data=[res for res in extract_from_fastq(inputfastq) if res],
         ^^^^^^^^^^^^^^^^^^^^^^^^^^^^^^^^^^^^^^^^^^^^^^^^^^^^^^
  File "/opt/miniconda3/envs/porechop/lib/python3.11/site-packages/nanoget/extraction_functions.py", line 392, in <listcomp>
    data=[res for res in extract_from_fastq(inputfastq) if res],
         ^^^^^^^^^^^^^^^^^^^^^^^^^^^^^^^^^^^^^^^^^^^^^^^^^^^^^^
  File "/opt/miniconda3/envs/porechop/lib/python3.11/site-packages/nanoget/extraction_functions.py", line 403, in extract_from_fastq
    for rec in SeqIO.parse(fq, "fastq"):
  File "/opt/miniconda3/envs/porechop/lib/python3.11/site-packages/Bio/SeqIO/QualityIO.py", line 1041, in __next__
    raise ValueError("Records in Fastq files should start with '@' character")
ValueError: Records in Fastq files should start with '@' character
"""

The above exception was the direct cause of the following exception:

Traceback (most recent call last):
  File "/opt/miniconda3/envs/porechop/lib/python3.11/site-packages/nanoplot/NanoPlot.py", line 61, in main
    datadf = get_input(
             ^^^^^^^^^^
  File "/opt/miniconda3/envs/porechop/lib/python3.11/site-packages/nanoget/nanoget.py", line 110, in get_input
    dfs=[out for out in executor.map(extraction_function, files)],
        ^^^^^^^^^^^^^^^^^^^^^^^^^^^^^^^^^^^^^^^^^^^^^^^^^^^^^^^^^
  File "/opt/miniconda3/envs/porechop/lib/python3.11/site-packages/nanoget/nanoget.py", line 110, in <listcomp>
    dfs=[out for out in executor.map(extraction_function, files)],
        ^^^^^^^^^^^^^^^^^^^^^^^^^^^^^^^^^^^^^^^^^^^^^^^^^^^^^^^^^
  File "/opt/miniconda3/envs/porechop/lib/python3.11/concurrent/futures/process.py", line 620, in _chain_from_iterable_of_lists
    for element in iterable:
  File "/opt/miniconda3/envs/porechop/lib/python3.11/concurrent/futures/_base.py", line 619, in result_iterator
    yield _result_or_cancel(fs.pop())
          ^^^^^^^^^^^^^^^^^^^^^^^^^^^
  File "/opt/miniconda3/envs/porechop/lib/python3.11/concurrent/futures/_base.py", line 317, in _result_or_cancel
    return fut.result(timeout)
           ^^^^^^^^^^^^^^^^^^^
  File "/opt/miniconda3/envs/porechop/lib/python3.11/concurrent/futures/_base.py", line 456, in result
    return self.__get_result()
           ^^^^^^^^^^^^^^^^^^^
  File "/opt/miniconda3/envs/porechop/lib/python3.11/concurrent/futures/_base.py", line 401, in __get_result
    raise self._exception
ValueError: Records in Fastq files should start with '@' character
