[CORRECTION/READS]
--
-- In sequence store './canu.seqStore':
--   Found 13405 reads.
--   Found 109645987 bases (31.32 times coverage).
--    Histogram of raw reads:
--    
--    G=109645987                        sum of  ||               length     num
--    NG         length     index       lengths  ||                range    seqs
--    ----- ------------ --------- ------------  ||  ------------------- -------
--    00010        49366       186     10976003  ||       1000-4887         8516|---------------------------------------------------------------
--    00020        39821       435     21962566  ||       4888-8775         1516|------------
--    00030        32655       739     32908109  ||       8776-12663         722|------
--    00040        27672      1104     43870937  ||      12664-16551         566|-----
--    00050        21899      1548     54840379  ||      16552-20439         425|----
--    00060        16232      2134     65796035  ||      20440-24327         307|---
--    00070        10809      2952     76755529  ||      24328-28215         294|---
--    00080         5824      4340     87721247  ||      28216-32103         291|---
--    00090         2879      7029     98684137  ||      32104-35991         186|--
--    00100         1000     13405    109645987  ||      35992-39879         150|--
--    001.000x               13405    109645987  ||      39880-43767         121|-
--                                               ||      43768-47655          92|-
--                                               ||      47656-51543          66|-
--                                               ||      51544-55431          55|-
--                                               ||      55432-59319          32|-
--                                               ||      59320-63207          23|-
--                                               ||      63208-67095          19|-
--                                               ||      67096-70983          10|-
--                                               ||      70984-74871           4|-
--                                               ||      74872-78759           4|-
--                                               ||      78760-82647           2|-
--                                               ||      82648-86535           0|
--                                               ||      86536-90423           0|
--                                               ||      90424-94311           1|-
--                                               ||      94312-98199           1|-
--                                               ||      98200-102087          1|-
--                                               ||     102088-105975          0|
--                                               ||     105976-109863          0|
--                                               ||     109864-113751          0|
--                                               ||     113752-117639          0|
--                                               ||     117640-121527          0|
--                                               ||     121528-125415          0|
--                                               ||     125416-129303          0|
--                                               ||     129304-133191          0|
--                                               ||     133192-137079          0|
--                                               ||     137080-140967          0|
--                                               ||     140968-144855          0|
--                                               ||     144856-148743          0|
--                                               ||     148744-152631          0|
--                                               ||     152632-156519          1|-
--

[CORRECTION/MERS]
--
--  16-mers                                                                                           Fraction
--    Occurrences   NumMers                                                                         Unique Total
--       1-     1         0                                                                        0.0000 0.0000
--       2-     2   1594568 ********************************************************************** 0.3108 0.0349
--       3-     4    521951 **********************                                                 0.3856 0.0475
--       5-     7     99674 ****                                                                   0.4238 0.0567
--       8-    11     26538 *                                                                      0.4337 0.0604
--      12-    16     79273 ***                                                                    0.4385 0.0633
--      17-    22    431983 ******************                                                     0.4598 0.0820
--      23-    29   1075910 ***********************************************                        0.5612 0.2017
--      30-    37    932835 ****************************************                               0.7770 0.5297
--      38-    46    287885 ************                                                           0.9404 0.8407
--      47-    56     43073 *                                                                      0.9861 0.9475
--      57-    67     13504                                                                        0.9930 0.9676
--      68-    79     10654                                                                        0.9956 0.9765
--      80-    92      6361                                                                        0.9976 0.9848
--      93-   106      3363                                                                        0.9987 0.9905
--     107-   121      2142                                                                        0.9994 0.9940
--     122-   137       462                                                                        0.9998 0.9965
--     138-   154       180                                                                        0.9998 0.9971
--     155-   172        99                                                                        0.9999 0.9974
--     173-   191       115                                                                        0.9999 0.9976
--     192-   211        78                                                                        0.9999 0.9978
--     212-   232        86                                                                        0.9999 0.9980
--     233-   254        46                                                                        1.0000 0.9982
--     255-   277        25                                                                        1.0000 0.9983
--     278-   301         6                                                                        1.0000 0.9984
--     302-   326        26                                                                        1.0000 0.9984
--     327-   352        11                                                                        1.0000 0.9985
--     353-   379        18                                                                        1.0000 0.9985
--     380-   407        15                                                                        1.0000 0.9986
--     408-   436        19                                                                        1.0000 0.9987
--     437-   466        17                                                                        1.0000 0.9988
--     467-   497        10                                                                        1.0000 0.9988
--     498-   529         4                                                                        1.0000 0.9989
--     530-   562         7                                                                        1.0000 0.9989
--     563-   596         3                                                                        1.0000 0.9990
--     597-   631         3                                                                        1.0000 0.9990
--     632-   667         1                                                                        1.0000 0.9990
--     668-   704         2                                                                        1.0000 0.9990
--     705-   742         0                                                                        0.0000 0.0000
--     743-   781         0                                                                        0.0000 0.0000
--     782-   821         2                                                                        1.0000 0.9990
--
--           0 (max occurrences)
--    91352186 (total mers, non-unique)
--     5130968 (distinct mers, non-unique)
--           0 (unique mers)

[CORRECTION/LAYOUT]
--                             original      original
--                            raw reads     raw reads
--   category                w/overlaps  w/o/overlaps
--   -------------------- ------------- -------------
--   Number of Reads              12938           467
--   Number of Bases          108957580        645011
--   Coverage                    31.131         0.184
--   Median                        3238          1241
--   Mean                          8421          1381
--   N50                          22123          1375
--   Minimum                       1000             0
--   Maximum                     156517         10803
--   
--                                        --------corrected---------  ----------rescued----------
--                             evidence                     expected                     expected
--   category                     reads            raw     corrected            raw     corrected
--   -------------------- -------------  ------------- -------------  ------------- -------------
--   Number of Reads              13383          11252         11252              0             0
--   Number of Bases          109514602      106014833     101382489              0             0
--   Coverage                    31.290         30.290        28.966          0.000         0.000
--   Median                        3079           3984          3618              0             0
--   Mean                          8183           9421          9010              0             0
--   N50                          21983          22863         23197              0             0
--   Minimum                       1000           1000             5              0             0
--   Maximum                     156517         102027        102014              0             0
--   
--                        --------uncorrected--------
--                                           expected
--   category                       raw     corrected
--   -------------------- ------------- -------------
--   Number of Reads               2153          2153
--   Number of Bases            3587758        156322
--   Coverage                     1.025         0.045
--   Median                        1365             0
--   Mean                          1666            72
--   N50                           1591             0
--   Minimum                          0             0
--   Maximum                     156517        156322
--   
--   Maximum Memory          1975740926

[TRIMMING/READS]
--
-- In sequence store './canu.seqStore':
--   Found 10178 reads.
--   Found 100227810 bases (28.63 times coverage).
--    Histogram of corrected reads:
--    
--    G=100227810                        sum of  ||               length     num
--    NG         length     index       lengths  ||                range    seqs
--    ----- ------------ --------- ------------  ||  ------------------- -------
--    00010        48867       176     10070173  ||       1000-3291         4254|---------------------------------------------------------------
--    00020        39979       403     20053507  ||       3292-5583         1648|-------------------------
--    00030        33331       678     30080029  ||       5584-7875          792|------------
--    00040        28582      1004     40095003  ||       7876-10167         499|--------
--    00050        23258      1392     50123799  ||      10168-12459         392|------
--    00060        17685      1886     60145198  ||      12460-14751         321|-----
--    00070        12775      2547     70169117  ||      14752-17043         303|-----
--    00080         7595      3556     80189267  ||      17044-19335         256|----
--    00090         3813      5432     90205605  ||      19336-21627         195|---
--    00100         1000     10178    100227810  ||      21628-23919         180|---
--    001.000x               10178    100227810  ||      23920-26211         163|---
--                                               ||      26212-28503         167|---
--                                               ||      28504-30795         174|---
--                                               ||      30796-33087         144|---
--                                               ||      33088-35379         112|--
--                                               ||      35380-37671          82|--
--                                               ||      37672-39963          93|--
--                                               ||      39964-42255          73|--
--                                               ||      42256-44547          63|-
--                                               ||      44548-46839          46|-
--                                               ||      46840-49131          50|-
--                                               ||      49132-51423          31|-
--                                               ||      51424-53715          36|-
--                                               ||      53716-56007          29|-
--                                               ||      56008-58299          14|-
--                                               ||      58300-60591          14|-
--                                               ||      60592-62883          10|-
--                                               ||      62884-65175          13|-
--                                               ||      65176-67467           7|-
--                                               ||      67468-69759          10|-
--                                               ||      69760-72051           1|-
--                                               ||      72052-74343           1|-
--                                               ||      74344-76635           1|-
--                                               ||      76636-78927           1|-
--                                               ||      78928-81219           1|-
--                                               ||      81220-83511           1|-
--                                               ||      83512-85803           0|
--                                               ||      85804-88095           0|
--                                               ||      88096-90387           0|
--                                               ||      90388-92679           1|-
--

[TRIMMING/MERS]
--
--  16-mers                                                                                           Fraction
--    Occurrences   NumMers                                                                         Unique Total
--       1-     1         0                                                                        0.0000 0.0000
--       2-     2     12659                                                                        0.0043 0.0003
--       3-     4      8142                                                                        0.0064 0.0004
--       5-     7      2798                                                                        0.0076 0.0006
--       8-    11      1865                                                                        0.0083 0.0007
--      12-    16      9816                                                                        0.0088 0.0009
--      17-    22     96084 *****                                                                  0.0143 0.0034
--      23-    29    642533 **********************************                                     0.0593 0.0315
--      30-    37   1291695 ********************************************************************** 0.3205 0.2428
--      38-    46    746465 ****************************************                               0.7553 0.6804
--      47-    56     61102 ***                                                                    0.9691 0.9392
--      57-    67     10959                                                                        0.9846 0.9618
--      68-    79     14439                                                                        0.9887 0.9694
--      80-    92     11257                                                                        0.9935 0.9798
--      93-   106      1353                                                                        0.9972 0.9889
--     107-   121      4883                                                                        0.9975 0.9900
--     122-   137      1368                                                                        0.9992 0.9959
--     138-   154       192                                                                        0.9996 0.9974
--     155-   172       219                                                                        0.9997 0.9977
--     173-   191       158                                                                        0.9998 0.9980
--     192-   211        69                                                                        0.9998 0.9983
--     212-   232        50                                                                        0.9999 0.9984
--     233-   254        62                                                                        0.9999 0.9985
--     255-   277       135                                                                        0.9999 0.9987
--     278-   301        13                                                                        0.9999 0.9990
--     302-   326        17                                                                        0.9999 0.9991
--     327-   352        10                                                                        0.9999 0.9991
--     353-   379        16                                                                        1.0000 0.9992
--     380-   407         7                                                                        1.0000 0.9992
--     408-   436         7                                                                        1.0000 0.9992
--     437-   466        12                                                                        1.0000 0.9993
--     467-   497        13                                                                        1.0000 0.9993
--     498-   529        12                                                                        1.0000 0.9994
--     530-   562        15                                                                        1.0000 0.9995
--     563-   596        12                                                                        1.0000 0.9995
--     597-   631         8                                                                        1.0000 0.9996
--     632-   667         6                                                                        1.0000 0.9997
--     668-   704         9                                                                        1.0000 0.9997
--     705-   742         3                                                                        1.0000 0.9998
--     743-   781         4                                                                        1.0000 0.9998
--
--           0 (max occurrences)
--    99886784 (total mers, non-unique)
--     2918486 (distinct mers, non-unique)
--           0 (unique mers)

[TRIMMING/TRIMMING]
--  PARAMETERS:
--  ----------
--     1000    (reads trimmed below this many bases are deleted)
--   0.1200    (use overlaps at or below this fraction error)
--      500    (break region if overlap is less than this long, for 'largest covered' algorithm)
--        2    (break region if overlap coverage is less than this many reads, for 'largest covered' algorithm)
--  
--  INPUT READS:
--  -----------
--   13405 reads    100227810 bases (reads processed)
--       0 reads            0 bases (reads not processed, previously deleted)
--       0 reads            0 bases (reads not processed, in a library where trimming isn't allowed)
--  
--  OUTPUT READS:
--  ------------
--    9989 reads     97690020 bases (trimmed reads output)
--       0 reads            0 bases (reads with no change, kept as is)
--    3227 reads            0 bases (reads with no overlaps, deleted)
--     189 reads       227260 bases (reads with short trimmed length, deleted)
--  
--  TRIMMING DETAILS:
--  ----------------
--    1981 reads       786106 bases (bases trimmed from the 5' end of a read)
--    9989 reads      1524424 bases (bases trimmed from the 3' end of a read)

[TRIMMING/SPLITTING]
--  PARAMETERS:
--  ----------
--     1000    (reads trimmed below this many bases are deleted)
--   0.1200    (use overlaps at or below this fraction error)
--  INPUT READS:
--  -----------
--    9989 reads    100000550 bases (reads processed)
--    3416 reads       227260 bases (reads not processed, previously deleted)
--       0 reads            0 bases (reads not processed, in a library where trimming isn't allowed)
--  
--  PROCESSED:
--  --------
--       0 reads            0 bases (no overlaps)
--       0 reads            0 bases (no coverage after adjusting for trimming done already)
--       0 reads            0 bases (processed for chimera)
--       0 reads            0 bases (processed for spur)
--    9989 reads    100000550 bases (processed for subreads)
--  
--  READS WITH SIGNALS:
--  ------------------
--       0 reads            0 signals (number of 5' spur signal)
--       0 reads            0 signals (number of 3' spur signal)
--       0 reads            0 signals (number of chimera signal)
--       1 reads            1 signals (number of subread signal)
--  
--  SIGNALS:
--  -------
--       0 reads            0 bases (size of 5' spur signal)
--       0 reads            0 bases (size of 3' spur signal)
--       0 reads            0 bases (size of chimera signal)
--       1 reads          468 bases (size of subread signal)
--  
--  TRIMMING:
--  --------
--       1 reads        30849 bases (trimmed from the 5' end of the read)
--       0 reads            0 bases (trimmed from the 3' end of the read)

[UNITIGGING/READS]
--
-- In sequence store './canu.seqStore':
--   Found 9989 reads.
--   Found 97659171 bases (27.9 times coverage).
--    Histogram of corrected-trimmed reads:
--    
--    G=97659171                         sum of  ||               length     num
--    NG         length     index       lengths  ||                range    seqs
--    ----- ------------ --------- ------------  ||  ------------------- -------
--    00010        47252       178      9770940  ||       1000-3010         3826|---------------------------------------------------------------
--    00020        38674       408     19557695  ||       3011-5021         1603|---------------------------
--    00030        32300       684     29307528  ||       5022-7032          861|---------------
--    00040        27714      1010     39087906  ||       7033-9043          507|---------
--    00050        22674      1398     48834701  ||       9044-11054         412|-------
--    00060        17247      1893     58606043  ||      11055-13065         318|------
--    00070        12446      2554     68370707  ||      13066-15076         294|-----
--    00080         7526      3554     78129826  ||      15077-17087         250|-----
--    00090         3820      5386     87894271  ||      17088-19098         224|----
--    00100         1000      9989     97659171  ||      19099-21109         174|---
--    001.000x                9989     97659171  ||      21110-23120         154|---
--                                               ||      23121-25131         171|---
--                                               ||      25132-27142         141|---
--                                               ||      27143-29153         151|---
--                                               ||      29154-31164         135|---
--                                               ||      31165-33175         125|---
--                                               ||      33176-35186          99|--
--                                               ||      35187-37197          73|--
--                                               ||      37198-39208          78|--
--                                               ||      39209-41219          68|--
--                                               ||      41220-43230          55|-
--                                               ||      43231-45241          48|-
--                                               ||      45242-47252          45|-
--                                               ||      47253-49263          29|-
--                                               ||      49264-51274          32|-
--                                               ||      51275-53285          27|-
--                                               ||      53286-55296          28|-
--                                               ||      55297-57307          14|-
--                                               ||      57308-59318          11|-
--                                               ||      59319-61329           7|-
--                                               ||      61330-63340           7|-
--                                               ||      63341-65351           7|-
--                                               ||      65352-67362           6|-
--                                               ||      67363-69373           4|-
--                                               ||      69374-71384           1|-
--                                               ||      71385-73395           0|
--                                               ||      73396-75406           2|-
--                                               ||      75407-77417           1|-
--                                               ||      77418-79428           0|
--                                               ||      79429-81439           1|-
--

[UNITIGGING/MERS]
--
--  16-mers                                                                                           Fraction
--    Occurrences   NumMers                                                                         Unique Total
--       1-     1         0                                                                        0.0000 0.0000
--       2-     2     13015                                                                        0.0045 0.0003
--       3-     4      6019                                                                        0.0058 0.0004
--       5-     7      2587                                                                        0.0069 0.0005
--       8-    11      1872                                                                        0.0076 0.0007
--      12-    16     13441                                                                        0.0088 0.0011
--      17-    22    127337 *******                                                                0.0155 0.0043
--      23-    29    749303 *****************************************                              0.0755 0.0426
--      30-    37   1268891 ********************************************************************** 0.3669 0.2831
--      38-    46    646249 ***********************************                                    0.7959 0.7252
--      47-    56     43288 **                                                                     0.9747 0.9470
--      57-    67     11833                                                                        0.9850 0.9624
--      68-    79     15213                                                                        0.9893 0.9705
--      80-    92      9210                                                                        0.9945 0.9820
--      93-   106       996                                                                        0.9973 0.9892
--     107-   121      5376                                                                        0.9976 0.9903
--     122-   137       672                                                                        0.9995 0.9967
--     138-   154       194                                                                        0.9997 0.9974
--     155-   172       196                                                                        0.9997 0.9977
--     173-   191       143                                                                        0.9998 0.9981
--     192-   211        76                                                                        0.9998 0.9983
--     212-   232        62                                                                        0.9999 0.9984
--     233-   254        34                                                                        0.9999 0.9986
--     255-   277       136                                                                        0.9999 0.9987
--     278-   301        21                                                                        0.9999 0.9990
--     302-   326         8                                                                        0.9999 0.9991
--     327-   352        14                                                                        0.9999 0.9991
--     353-   379        14                                                                        1.0000 0.9992
--     380-   407         7                                                                        1.0000 0.9992
--     408-   436         7                                                                        1.0000 0.9993
--     437-   466        10                                                                        1.0000 0.9993
--     467-   497        14                                                                        1.0000 0.9993
--     498-   529        22                                                                        1.0000 0.9994
--     530-   562        11                                                                        1.0000 0.9995
--     563-   596         6                                                                        1.0000 0.9996
--     597-   631         9                                                                        1.0000 0.9996
--     632-   667        11                                                                        1.0000 0.9997
--     668-   704         3                                                                        1.0000 0.9997
--     705-   742         3                                                                        1.0000 0.9998
--     743-   781         2                                                                        1.0000 0.9998
--     782-   821         1                                                                        1.0000 0.9998
--
--           0 (max occurrences)
--    97346556 (total mers, non-unique)
--     2916324 (distinct mers, non-unique)
--           0 (unique mers)

[UNITIGGING/OVERLAPS]
--   category            reads     %          read length        feature size or coverage  analysis
--   ----------------  -------  -------  ----------------------  ------------------------  --------------------
--   middle-missing          0    0.00        0.00 +- 0.00             0.00 +- 0.00       (bad trimming)
--   middle-hump             0    0.00        0.00 +- 0.00             0.00 +- 0.00       (bad trimming)
--   no-5-prime              3    0.03     6987.67 +- 9060.65        577.33 +- 998.24     (bad trimming)
--   no-3-prime              1    0.01    17555.00 +- 0.00          1590.00 +- 0.00       (bad trimming)
--   
--   low-coverage            8    0.08     1142.12 +- 165.09           7.30 +- 1.39       (easy to assemble, potential for lower quality consensus)
--   unique               9465   94.75     9457.39 +- 11611.50        31.35 +- 5.89       (easy to assemble, perfect, yay)
--   repeat-cont            25    0.25     2465.28 +- 1235.49         72.52 +- 18.15      (potential for consensus errors, no impact on assembly)
--   repeat-dove             0    0.00        0.00 +- 0.00             0.00 +- 0.00       (hard to assemble, likely won't assemble correctly or even at all)
--   
--   span-repeat           393    3.93    18185.11 +- 15039.01      7348.71 +- 10047.14   (read spans a large repeat, usually easy to assemble)
--   uniq-repeat-cont       86    0.86     7188.85 +- 6908.15                             (should be uniquely placed, low potential for consensus errors, no impact on assembly)
--   uniq-repeat-dove        8    0.08    33838.38 +- 13766.98                            (will end contigs, potential to misassemble)
--   uniq-anchor             0    0.00        0.00 +- 0.00             0.00 +- 0.00       (repeat read, with unique section, probable bad read)

[UNITIGGING/ADJUSTMENT]
-- No report available.

[UNITIGGING/ERROR RATES]
--  
--  ERROR RATES
--  -----------
--                                                   --------threshold------
--  10327                        fraction error      fraction        percent
--  samples                              (1e-5)         error          error
--                   --------------------------      --------       --------
--  command line (-eg)                           ->  12000.00       12.0000%
--  command line (-ef)                           ->  -----.--      ---.----%
--  command line (-eM)                           ->  12000.00       12.0000%
--  mean + std.dev      26.20 +-  12 *   452.60  ->   5457.38        5.4574%  (enabled)
--  median + mad         0.00 +-  12 *     0.00  ->      0.00        0.0000%
--  90th percentile                              ->      1.00        0.0010%
--  
--  BEST EDGE FILTERING
--  -------------------
--  At graph threshold 12.0000%, reads:
--    available to have edges:          352
--    with at least one edge:           349
--  
--  At max threshold 12.0000%, reads:  (not computed)
--    available to have edges:            0
--    with at least one edge:             0
--  
--  At tight threshold 0.0010%, reads with:
--    both edges below error threshold:        15  (80.00% minReadsBest threshold = 279)
--    one  edge  above error threshold:        81
--    both edges above error threshold:       253
--    at least one edge:                      349
--  
--  At loose threshold 5.4574%, reads with:
--    both edges below error threshold:       332  (80.00% minReadsBest threshold = 279)
--    one  edge  above error threshold:        13
--    both edges above error threshold:         4
--    at least one edge:                      349
--  
--  
--  INITIAL EDGES
--  -------- ----------------------------------------
--      8842 reads are contained
--      4215 reads have no best edges (singleton)
--         1 reads have only one best edge (spur) 
--                  0 are mutual best
--       347 reads have two best edges 
--                  4 have one mutual best edge
--                338 have two mutual best edges
--  
--  
--  FINAL EDGES
--  -------- ----------------------------------------
--      8842 reads are contained
--      4218 reads have no best edges (singleton)
--         0 reads have only one best edge (spur) 
--                  0 are mutual best
--       345 reads have two best edges 
--                  4 have one mutual best edge
--                338 have two mutual best edges
--  
--  
--  EDGE FILTERING
--  -------- ------------------------------------------
--         0 reads are ignored
--       799 reads have a gap in overlap coverage
--         2 reads have lopsided best edges

[UNITIGGING/CONTIGS]
-- Found, in version 1, after unitig construction:
--   contigs:      5 sequences, total length 3141208 bp (including 2 repeats of total length 67877 bp).
--   bubbles:      0 sequences, total length 0 bp.
--   unassembled:  823 sequences, total length 1897269 bp.
--
-- Contig sizes based on genome size 3.5mbp:
--
--            NG (bp)  LG (contigs)    sum (bp)
--         ----------  ------------  ----------
--     10     2848204             1     2848204
--     20     2848204             1     2848204
--     30     2848204             1     2848204
--     40     2848204             1     2848204
--     50     2848204             1     2848204
--     60     2848204             1     2848204
--     70     2848204             1     2848204
--     80     2848204             1     2848204
--

[UNITIGGING/CONSENSUS]
-- Found, in version 2, after consensus generation:
--   contigs:      5 sequences, total length 3138619 bp (including 2 repeats of total length 67859 bp).
--   bubbles:      0 sequences, total length 0 bp.
--   unassembled:  823 sequences, total length 1897269 bp.
--
-- Contig sizes based on genome size 3.5mbp:
--
--            NG (bp)  LG (contigs)    sum (bp)
--         ----------  ------------  ----------
--     10     2845675             1     2845675
--     20     2845675             1     2845675
--     30     2845675             1     2845675
--     40     2845675             1     2845675
--     50     2845675             1     2845675
--     60     2845675             1     2845675
--     70     2845675             1     2845675
--     80     2845675             1     2845675
--

