[2026-01-24 12:15:06] root: INFO: Starting Flye 2.9.6-b1802
[2026-01-24 12:15:06] root: DEBUG: Cmd: /opt/miniconda3/envs/autocycler/bin/flye --nano-hq sample01_autocycler/porechop_output_sample01/subsampled_reads/sample_02.fastq --threads 10 --out-dir /var/folders/zg/vq0dnx517c54hg87dyqjky740000gn/T/.tmptjHOiI
[2026-01-24 12:15:06] root: DEBUG: Python version: 3.12.12 | packaged by conda-forge | (main, Oct 22 2025, 23:34:53) [Clang 19.1.7 ]
[2026-01-24 12:15:06] root: INFO: >>>STAGE: configure
[2026-01-24 12:15:06] root: INFO: Configuring run
[2026-01-24 12:15:07] root: INFO: Total read length: 114206934
[2026-01-24 12:15:07] root: INFO: Reads N50/N90: 20488 / 2111
[2026-01-24 12:15:07] root: INFO: Minimum overlap set to 2000
[2026-01-24 12:15:07] root: INFO: >>>STAGE: assembly
[2026-01-24 12:15:07] root: INFO: Assembling disjointigs
[2026-01-24 12:15:07] root: DEBUG: -----Begin assembly log------
[2026-01-24 12:15:07] root: DEBUG: Running: flye-modules assemble --reads /Users/mschul/Downloads/sample01/sample01_autocycler/porechop_output_sample01/subsampled_reads/sample_02.fastq --out-asm /var/folders/zg/vq0dnx517c54hg87dyqjky740000gn/T/.tmptjHOiI/00-assembly/draft_assembly.fasta --config /opt/miniconda3/envs/autocycler/lib/python3.12/site-packages/flye/config/bin_cfg/asm_nano_hq.cfg --log /var/folders/zg/vq0dnx517c54hg87dyqjky740000gn/T/.tmptjHOiI/flye.log --threads 10 --min-ovlp 2000
[2026-01-24 12:15:07] DEBUG: Build date: May  4 2025 23:20:07
[2026-01-24 12:15:07] DEBUG: Total RAM: 24 Gb
[2026-01-24 12:15:07] DEBUG: Available RAM: 0 Gb
[2026-01-24 12:15:07] DEBUG: Total CPUs: 10
[2026-01-24 12:15:07] DEBUG: Loading /opt/miniconda3/envs/autocycler/lib/python3.12/site-packages/flye/config/bin_cfg/asm_nano_hq.cfg
[2026-01-24 12:15:07] DEBUG: Loading /opt/miniconda3/envs/autocycler/lib/python3.12/site-packages/flye/config/bin_cfg/asm_defaults.cfg
[2026-01-24 12:15:07] DEBUG: 	big_genome_threshold=29000000
[2026-01-24 12:15:07] DEBUG: 	meta_read_filter_kmer_freq=100
[2026-01-24 12:15:07] DEBUG: 	chain_large_gap_penalty=2
[2026-01-24 12:15:07] DEBUG: 	chain_small_gap_penalty=0.5
[2026-01-24 12:15:07] DEBUG: 	chain_gap_jump_threshold=100
[2026-01-24 12:15:07] DEBUG: 	max_jump_gap=500
[2026-01-24 12:15:07] DEBUG: 	max_coverage_drop_rate=5
[2026-01-24 12:15:07] DEBUG: 	max_extensions_drop_rate=5
[2026-01-24 12:15:07] DEBUG: 	chimera_window=100
[2026-01-24 12:15:07] DEBUG: 	chimera_overhang=1000
[2026-01-24 12:15:07] DEBUG: 	min_reads_in_disjointig=4
[2026-01-24 12:15:07] DEBUG: 	max_inner_reads=10
[2026-01-24 12:15:07] DEBUG: 	max_inner_fraction=0.25
[2026-01-24 12:15:07] DEBUG: 	aggressive_dup_filter=1
[2026-01-24 12:15:07] DEBUG: 	max_separation=500
[2026-01-24 12:15:07] DEBUG: 	unique_edge_length=50000
[2026-01-24 12:15:07] DEBUG: 	min_repeat_res_support=0.51
[2026-01-24 12:15:07] DEBUG: 	out_paths_ratio=5
[2026-01-24 12:15:07] DEBUG: 	graph_cov_drop_rate=5
[2026-01-24 12:15:07] DEBUG: 	coverage_estimate_window=100
[2026-01-24 12:15:07] DEBUG: 	max_bubble_length=50000
[2026-01-24 12:15:07] DEBUG: 	loop_coverage_rate=1.5
[2026-01-24 12:15:07] DEBUG: 	repeat_edge_cov_mult=1.75
[2026-01-24 12:15:07] DEBUG: 	weak_detach_rate=5
[2026-01-24 12:15:07] DEBUG: 	tip_coverage_rate=2
[2026-01-24 12:15:07] DEBUG: 	tip_length_rate=2
[2026-01-24 12:15:07] DEBUG: 	output_gfa_before_rr=1
[2026-01-24 12:15:07] DEBUG: 	remove_alt_edges=0
[2026-01-24 12:15:07] DEBUG: 	low_cutoff_warning=0
[2026-01-24 12:15:07] DEBUG: 	kmer_size=17
[2026-01-24 12:15:07] DEBUG: 	use_minimizers=1
[2026-01-24 12:15:07] DEBUG: 	minimizer_window=10
[2026-01-24 12:15:07] DEBUG: 	reads_base_alignment=1
[2026-01-24 12:15:07] DEBUG: 	meta_read_top_kmer_rate=0.75
[2026-01-24 12:15:07] DEBUG: 	maximum_jump=1500
[2026-01-24 12:15:07] DEBUG: 	maximum_overhang=1500
[2026-01-24 12:15:07] DEBUG: 	repeat_kmer_rate=100
[2026-01-24 12:15:07] DEBUG: 	assemble_ovlp_divergence=0.03
[2026-01-24 12:15:07] DEBUG: 	assemble_divergence_relative=1
[2026-01-24 12:15:07] DEBUG: 	repeat_graph_ovlp_divergence=0.03
[2026-01-24 12:15:07] DEBUG: 	read_align_ovlp_divergence=0.10
[2026-01-24 12:15:07] DEBUG: 	hpc_scoring_on=1
[2026-01-24 12:15:07] DEBUG: 	add_unassembled_reads=0
[2026-01-24 12:15:07] DEBUG: 	extend_contigs_with_repeats=0
[2026-01-24 12:15:07] DEBUG: 	min_read_cov_cutoff=3
[2026-01-24 12:15:07] DEBUG: 	short_tip_length=20000
[2026-01-24 12:15:07] DEBUG: 	long_tip_length=100000
[2026-01-24 12:15:07] DEBUG: Running with k-mer size: 17
[2026-01-24 12:15:07] DEBUG: Running with minimum overlap 2000
[2026-01-24 12:15:07] DEBUG: Metagenome mode: N
[2026-01-24 12:15:07] DEBUG: Short mode: N
[2026-01-24 12:15:07] INFO: Reading sequences
[2026-01-24 12:15:07] DEBUG: Building positional index
[2026-01-24 12:15:07] DEBUG: Total sequence: 103481080 bp
[2026-01-24 12:15:07] INFO: Building minimizer index
[2026-01-24 12:15:07] INFO: Pre-calculating index storage
[2026-01-24 12:15:08] DEBUG: Mean k-mer frequency: 4.11563
[2026-01-24 12:15:08] DEBUG: Repetitive k-mer frequency: 411
[2026-01-24 12:15:08] DEBUG: Filtered 10388 repetitive k-mers (0.000552968)
[2026-01-24 12:15:08] INFO: Filling index
[2026-01-24 12:15:08] DEBUG: Sorting k-mer index
[2026-01-24 12:15:09] DEBUG: Selected k-mers: 4564519
[2026-01-24 12:15:09] DEBUG: K-mer index size: 18775516
[2026-01-24 12:15:09] DEBUG: Mean k-mer frequency: 4.11336
[2026-01-24 12:15:09] DEBUG: Minimizer rate: 5.51149
[2026-01-24 12:15:09] DEBUG: Peak RAM usage: 0 Gb
[2026-01-24 12:15:09] DEBUG: Estimating k-mer identity bias
[2026-01-24 12:15:11] DEBUG: Initial divergence estimate : 0.0430787
[2026-01-24 12:15:11] DEBUG: Relative threshold: Y
[2026-01-24 12:15:11] DEBUG: Max divergence threshold set to 0.0730787
[2026-01-24 12:15:11] INFO: Extending reads
[2026-01-24 12:15:11] DEBUG: Estimating overlap coverage
[2026-01-24 12:15:30] INFO: Overlap-based coverage: 25
[2026-01-24 12:15:30] INFO: Median overlap divergence: 0.0441003
[2026-01-24 12:15:30] DEBUG: Sequence divergence distribution: 

    |      **      |                                                                                     
    |      ***     |                                                                                     
    |      ***     |                                                                                     
    |     ****     |                                                                                     
    |     ****     |                                                                                     
    |     ****     |                                                                                     
    |     *****    |                                                                                     
    |     ******   |                                                                                     
    |     ******   |                                                                                     
    |     ******   |                                                                                     
    |     ******   |                                                                                     
    |    *******   |                                                                                     
    |    ********  |                                                                                     
    |    ********  |                                                                                     
    |    ***********                                                                                     
    |    ***********                                                                                     
    |   ***************   **                                                                             
    |   ***************** **                                                                             
    |   ***********************                                                                          
    | ******************************** * ***   *   *                                                     
    ----------------------------------------------------------------------------------------------------
    0%        5%        10%       15%       20%       25%       30%       35%       40%       45%       

    Q25 = 0.033, Q50 = 0.044, Q75 = 0.066

[2026-01-24 12:15:32] DEBUG: Assembled disjointig 1
	With 17 reads
	Start read: +78085759-4865-4e4a-a333-9572f7014468
	At position: 11
	leftTip: 1 rightTip: 0
	Suspicious: 1
	Short ext: 0
	Mean extensions: 29
	Avg overlap len: 30007
	Min overlap len: 4535
	Inner reads: 0
	Length: 187846
[2026-01-24 12:15:32] DEBUG: Inner: 888 covered: 914 total: 17910
[2026-01-24 12:15:38] DEBUG: Assembled disjointig 2
	With 257 reads
	Start read: +d80c26e1-fb14-4d61-9499-58c407a53c59
	At position: 253
	leftTip: 1 rightTip: 0
	Suspicious: 0
	Short ext: 0
	Mean extensions: 21
	Avg overlap len: 33093
	Min overlap len: 7332
	Inner reads: 0
	Length: 2838687
[2026-01-24 12:15:38] DEBUG: Inner: 14524 covered: 15014 total: 17910
[2026-01-24 12:15:38] DEBUG: Discarded disjointig with 153 reads and 151 inner overlaps
[2026-01-24 12:15:38] DEBUG: Discarded disjointig with 114 reads and 112 inner overlaps
[2026-01-24 12:15:38] DEBUG: Discarded disjointig with 191 reads and 189 inner overlaps
[2026-01-24 12:15:38] DEBUG: Discarded disjointig with 220 reads and 218 inner overlaps
[2026-01-24 12:15:38] DEBUG: Discarded disjointig with 123 reads and 121 inner overlaps
[2026-01-24 12:15:38] DEBUG: Discarded disjointig with 220 reads and 218 inner overlaps
[2026-01-24 12:15:38] DEBUG: Discarded disjointig with 253 reads and 251 inner overlaps
[2026-01-24 12:15:38] DEBUG: Discarded disjointig with 252 reads and 250 inner overlaps
[2026-01-24 12:15:38] DEBUG: Discarded disjointig with 256 reads and 254 inner overlaps
[2026-01-24 12:15:38] DEBUG: Assembled disjointig 3
	With 11 reads
	Start read: +a041cab2-b0cb-4fe9-9723-31249b329b42
	At position: 7
	leftTip: 0 rightTip: 0
	Suspicious: 0
	Short ext: 0
	Mean extensions: 13
	Avg overlap len: 18389
	Min overlap len: 2140
	Inner reads: 0
	Length: 100374
[2026-01-24 12:15:38] DEBUG: Inner: 14768 covered: 15360 total: 17910
[2026-01-24 12:15:39] DEBUG: Discarded disjointig with 9 reads and 7 inner overlaps
[2026-01-24 12:15:39] DEBUG: Discarded disjointig with 5 reads and 3 inner overlaps
[2026-01-24 12:15:39] DEBUG: Discarded disjointig with 6 reads and 4 inner overlaps
[2026-01-24 12:15:39] DEBUG: Discarded disjointig with 7 reads and 5 inner overlaps
[2026-01-24 12:15:39] DEBUG: Discarded disjointig with 5 reads and 3 inner overlaps
[2026-01-24 12:15:43] INFO: Assembled 3 disjointigs
[2026-01-24 12:15:43] INFO: Generating sequence
[2026-01-24 12:15:43] DEBUG: Building positional index
[2026-01-24 12:15:43] DEBUG: Total sequence: 3127090 bp
[2026-01-24 12:15:44] DEBUG: Mean k-mer frequency: 1.05613
[2026-01-24 12:15:44] DEBUG: Repetitive k-mer frequency: 105
[2026-01-24 12:15:44] DEBUG: Filtered 0 repetitive k-mers (0)
[2026-01-24 12:15:44] DEBUG: Sorting k-mer index
[2026-01-24 12:15:44] DEBUG: Selected k-mers: 538291
[2026-01-24 12:15:44] DEBUG: K-mer index size: 568504
[2026-01-24 12:15:44] DEBUG: Mean k-mer frequency: 1.05613
[2026-01-24 12:15:44] DEBUG: Minimizer rate: 5.50056
[2026-01-24 12:15:44] INFO: Filtering contained disjointigs
[2026-01-24 12:15:44] DEBUG: Computing transitive closure for overlaps
[2026-01-24 12:15:44] DEBUG: Found 8 overlaps
[2026-01-24 12:15:44] DEBUG: Left 8 overlaps after filtering
[2026-01-24 12:15:44] INFO: Contained seqs: 0
[2026-01-24 12:15:44] DEBUG: Writing FASTA
[2026-01-24 12:15:44] DEBUG: Peak RAM usage: 0 Gb
-----------End assembly log------------
[2026-01-24 12:15:44] root: DEBUG: Disjointigs length: 3127090, N50: 2838820
[2026-01-24 12:15:44] root: INFO: >>>STAGE: consensus
[2026-01-24 12:15:44] root: INFO: Running Minimap2
[2026-01-24 12:15:48] root: INFO: Computing consensus
[2026-01-24 12:16:05] root: INFO: Alignment error rate: 0.055623
[2026-01-24 12:16:06] root: INFO: >>>STAGE: repeat
[2026-01-24 12:16:06] root: INFO: Building and resolving repeat graph
[2026-01-24 12:16:06] root: DEBUG: -----Begin repeat analyser log------
[2026-01-24 12:16:06] root: DEBUG: Running: flye-modules repeat --disjointigs /var/folders/zg/vq0dnx517c54hg87dyqjky740000gn/T/.tmptjHOiI/10-consensus/consensus.fasta --reads /Users/mschul/Downloads/sample01/sample01_autocycler/porechop_output_sample01/subsampled_reads/sample_02.fastq --out-dir /var/folders/zg/vq0dnx517c54hg87dyqjky740000gn/T/.tmptjHOiI/20-repeat --config /opt/miniconda3/envs/autocycler/lib/python3.12/site-packages/flye/config/bin_cfg/asm_nano_hq.cfg --log /var/folders/zg/vq0dnx517c54hg87dyqjky740000gn/T/.tmptjHOiI/flye.log --threads 10 --min-ovlp 2000
[2026-01-24 12:16:06] DEBUG: Build date: May  4 2025 23:20:12
[2026-01-24 12:16:06] DEBUG: Total RAM: 24 Gb
[2026-01-24 12:16:06] DEBUG: Available RAM: 0 Gb
[2026-01-24 12:16:06] DEBUG: Total CPUs: 10
[2026-01-24 12:16:06] DEBUG: Loading /opt/miniconda3/envs/autocycler/lib/python3.12/site-packages/flye/config/bin_cfg/asm_nano_hq.cfg
[2026-01-24 12:16:06] DEBUG: Loading /opt/miniconda3/envs/autocycler/lib/python3.12/site-packages/flye/config/bin_cfg/asm_defaults.cfg
[2026-01-24 12:16:06] DEBUG: 	big_genome_threshold=29000000
[2026-01-24 12:16:06] DEBUG: 	meta_read_filter_kmer_freq=100
[2026-01-24 12:16:06] DEBUG: 	chain_large_gap_penalty=2
[2026-01-24 12:16:06] DEBUG: 	chain_small_gap_penalty=0.5
[2026-01-24 12:16:06] DEBUG: 	chain_gap_jump_threshold=100
[2026-01-24 12:16:06] DEBUG: 	max_jump_gap=500
[2026-01-24 12:16:06] DEBUG: 	max_coverage_drop_rate=5
[2026-01-24 12:16:06] DEBUG: 	max_extensions_drop_rate=5
[2026-01-24 12:16:06] DEBUG: 	chimera_window=100
[2026-01-24 12:16:06] DEBUG: 	chimera_overhang=1000
[2026-01-24 12:16:06] DEBUG: 	min_reads_in_disjointig=4
[2026-01-24 12:16:06] DEBUG: 	max_inner_reads=10
[2026-01-24 12:16:06] DEBUG: 	max_inner_fraction=0.25
[2026-01-24 12:16:06] DEBUG: 	aggressive_dup_filter=1
[2026-01-24 12:16:06] DEBUG: 	max_separation=500
[2026-01-24 12:16:06] DEBUG: 	unique_edge_length=50000
[2026-01-24 12:16:06] DEBUG: 	min_repeat_res_support=0.51
[2026-01-24 12:16:06] DEBUG: 	out_paths_ratio=5
[2026-01-24 12:16:06] DEBUG: 	graph_cov_drop_rate=5
[2026-01-24 12:16:06] DEBUG: 	coverage_estimate_window=100
[2026-01-24 12:16:06] DEBUG: 	max_bubble_length=50000
[2026-01-24 12:16:06] DEBUG: 	loop_coverage_rate=1.5
[2026-01-24 12:16:06] DEBUG: 	repeat_edge_cov_mult=1.75
[2026-01-24 12:16:06] DEBUG: 	weak_detach_rate=5
[2026-01-24 12:16:06] DEBUG: 	tip_coverage_rate=2
[2026-01-24 12:16:06] DEBUG: 	tip_length_rate=2
[2026-01-24 12:16:06] DEBUG: 	output_gfa_before_rr=1
[2026-01-24 12:16:06] DEBUG: 	remove_alt_edges=0
[2026-01-24 12:16:06] DEBUG: 	low_cutoff_warning=0
[2026-01-24 12:16:06] DEBUG: 	kmer_size=17
[2026-01-24 12:16:06] DEBUG: 	use_minimizers=1
[2026-01-24 12:16:06] DEBUG: 	minimizer_window=10
[2026-01-24 12:16:06] DEBUG: 	reads_base_alignment=1
[2026-01-24 12:16:06] DEBUG: 	meta_read_top_kmer_rate=0.75
[2026-01-24 12:16:06] DEBUG: 	maximum_jump=1500
[2026-01-24 12:16:06] DEBUG: 	maximum_overhang=1500
[2026-01-24 12:16:06] DEBUG: 	repeat_kmer_rate=100
[2026-01-24 12:16:06] DEBUG: 	assemble_ovlp_divergence=0.03
[2026-01-24 12:16:06] DEBUG: 	assemble_divergence_relative=1
[2026-01-24 12:16:06] DEBUG: 	repeat_graph_ovlp_divergence=0.03
[2026-01-24 12:16:06] DEBUG: 	read_align_ovlp_divergence=0.10
[2026-01-24 12:16:06] DEBUG: 	hpc_scoring_on=1
[2026-01-24 12:16:06] DEBUG: 	add_unassembled_reads=0
[2026-01-24 12:16:06] DEBUG: 	extend_contigs_with_repeats=0
[2026-01-24 12:16:06] DEBUG: 	min_read_cov_cutoff=3
[2026-01-24 12:16:06] DEBUG: 	short_tip_length=20000
[2026-01-24 12:16:06] DEBUG: 	long_tip_length=100000
[2026-01-24 12:16:06] DEBUG: Running with k-mer size: 17
[2026-01-24 12:16:06] DEBUG: Selected minimum overlap 2000
[2026-01-24 12:16:06] DEBUG: Metagenome mode: N
[2026-01-24 12:16:06] INFO: Parsing disjointigs
[2026-01-24 12:16:06] DEBUG: Building positional index
[2026-01-24 12:16:06] DEBUG: Total sequence: 3138501 bp
[2026-01-24 12:16:06] INFO: Building repeat graph
[2026-01-24 12:16:06] DEBUG: Mean k-mer frequency: 1.07257
[2026-01-24 12:16:06] DEBUG: Repetitive k-mer frequency: 107
[2026-01-24 12:16:06] DEBUG: Filtered 0 repetitive k-mers (0)
[2026-01-24 12:16:06] DEBUG: Sorting k-mer index
[2026-01-24 12:16:06] DEBUG: Selected k-mers: 531612
[2026-01-24 12:16:06] DEBUG: K-mer index size: 570190
[2026-01-24 12:16:06] DEBUG: Mean k-mer frequency: 1.07257
[2026-01-24 12:16:06] DEBUG: Minimizer rate: 5.50431
[2026-01-24 12:16:06] DEBUG: Computing transitive closure for overlaps
[2026-01-24 12:16:06] DEBUG: Found 146 overlaps
[2026-01-24 12:16:06] DEBUG: Left 60 overlaps after filtering
[2026-01-24 12:16:06] INFO: Median overlap divergence: 0.0121286
[2026-01-24 12:16:06] DEBUG: Sequence divergence distribution: 

    |*     |                                                                                             
    |*     |                                                                                             
    |*     |                                                                                             
    |*     |                                                                                             
    |*     |                                                                                             
    |*     |                                                                                             
    |*     |                                                                                             
    |*     |                                                                                             
    |* *   |                                                                                             
    |* *   |                                                                                             
    |* *   |                                                                                             
    |* *   |      *                                                                                      
    |* *   |      *                                                                                      
    |* *   |      *                                                                                      
    |***   |     **                                                                                      
    |***   |     **                                                                                      
    |***   |     **                                                                                      
    |*** * * *   **                                                                                      
    |*** * * *   **                                                                                      
    |*** * * *   **                                                                                      
    ----------------------------------------------------------------------------------------------------
    0%        5%        10%       15%       20%       25%       30%       35%       40%       45%       

    Q25 = 0.0046, Q50 = 0.012, Q75 = 0.044

[2026-01-24 12:16:06] DEBUG: Computing gluepoints
[2026-01-24 12:16:06] DEBUG: Added 0 gluepoint projections
[2026-01-24 12:16:06] DEBUG: Created 72 gluepoints
[2026-01-24 12:16:06] DEBUG: Artificial loops removed: 0 left, 0 right, 0 both
[2026-01-24 12:16:06] DEBUG: Initializing edges
[2026-01-24 12:16:06] DEBUG: Edges length checksum: 19711483596
[2026-01-24 12:16:06] DEBUG: Filtered 0 singleton segments
[2026-01-24 12:16:06] DEBUG: Removed 0 simple and 0 double chimeric junctions
[2026-01-24 12:16:06] DEBUG: Collapsed 5 edges
[2026-01-24 12:16:06] DEBUG: *	2	+disjointig_1	5405	6351	946	
[2026-01-24 12:16:06] DEBUG:  	5	+disjointig_1	6351	46709	40358	
[2026-01-24 12:16:06] DEBUG:  	7	+disjointig_1	46709	50631	3922	
[2026-01-24 12:16:06] DEBUG: *	-20	+disjointig_1	50631	98755	48124	
[2026-01-24 12:16:06] DEBUG:  	7	+disjointig_1	98755	102685	3930	
[2026-01-24 12:16:06] DEBUG: *	-6	+disjointig_1	102685	120961	18276	
[2026-01-24 12:16:06] DEBUG:  	5	+disjointig_1	120961	161558	40597	
[2026-01-24 12:16:06] DEBUG:  	7	+disjointig_1	161558	165488	3930	
[2026-01-24 12:16:06] DEBUG:  	11	+disjointig_2	13451	18735	5284	
[2026-01-24 12:16:06] DEBUG: *	22	+disjointig_2	18735	1491170	1472435	
[2026-01-24 12:16:06] DEBUG:  	-11	+disjointig_2	1491170	1496587	5417	
[2026-01-24 12:16:06] DEBUG: *	-3	+disjointig_2	1496587	1708658	212071	
[2026-01-24 12:16:06] DEBUG: *	-19	+disjointig_2	1708658	1908834	200176	
[2026-01-24 12:16:06] DEBUG:  	-16	+disjointig_2	1908834	1909607	773	
[2026-01-24 12:16:06] DEBUG:  	-11	+disjointig_2	1909607	1914925	5318	
[2026-01-24 12:16:06] DEBUG: *	12	+disjointig_2	1914925	2174126	259201	
[2026-01-24 12:16:06] DEBUG:  	11	+disjointig_2	2174126	2179308	5182	
[2026-01-24 12:16:06] DEBUG:  	16	+disjointig_2	2179308	2180004	696	
[2026-01-24 12:16:06] DEBUG: *	21	+disjointig_2	2180004	2815226	635222	
[2026-01-24 12:16:06] DEBUG:  	11	+disjointig_2	2815226	2820511	5285	
[2026-01-24 12:16:06] DEBUG:  	23	+disjointig_3	14827	100644	85817	
[2026-01-24 12:16:06] DEBUG: Total edges: 23
[2026-01-24 12:16:06] INFO: Parsing reads
[2026-01-24 12:16:06] DEBUG: Building positional index
[2026-01-24 12:16:06] DEBUG: Total sequence: 114206934 bp
[2026-01-24 12:16:06] DEBUG: Building positional index
[2026-01-24 12:16:06] DEBUG: Total sequence: 3052960 bp
[2026-01-24 12:16:06] INFO: Aligning reads to the graph
[2026-01-24 12:16:06] DEBUG: Mean k-mer frequency: 1.04515
[2026-01-24 12:16:06] DEBUG: Repetitive k-mer frequency: 104
[2026-01-24 12:16:06] DEBUG: Filtered 0 repetitive k-mers (0)
[2026-01-24 12:16:07] DEBUG: Sorting k-mer index
[2026-01-24 12:16:07] DEBUG: Selected k-mers: 530684
[2026-01-24 12:16:07] DEBUG: K-mer index size: 554645
[2026-01-24 12:16:07] DEBUG: Mean k-mer frequency: 1.04515
[2026-01-24 12:16:07] DEBUG: Minimizer rate: 5.50435
[2026-01-24 12:16:09] DEBUG: Total reads : 8955
[2026-01-24 12:16:09] DEBUG: Read with aligned parts : 8390
[2026-01-24 12:16:09] DEBUG: Aligned in one piece : 7965
[2026-01-24 12:16:09] INFO: Aligned read sequence: 97927567 / 103481080 (0.946333)
[2026-01-24 12:16:09] INFO: Median overlap divergence: 0.0222309
[2026-01-24 12:16:09] DEBUG: Sequence divergence distribution: 

    |   *                |                                                                               
    |   *                |                                                                               
    |   *                |                                                                               
    |  **                |                                                                               
    |  **                |                                                                               
    |  ***               |                                                                               
    |  ***               |                                                                               
    |  ***               |                                                                               
    |  ***               |                                                                               
    |  ***               |                                                                               
    |  ****              |                                                                               
    |  ****              |                                                                               
    |  ****              |                                                                               
    |  *****             |                                                                               
    |  *****             |                                                                               
    | *******            |                                                                               
    | ********           |                                                                               
    | **********         |                                                                               
    | ************** *   |                                                                               
    |****************************** **** ** * **      ** * *       *           *                         
    ----------------------------------------------------------------------------------------------------
    0%        5%        10%       15%       20%       25%       30%       35%       40%       45%       

    Q25 = 0.016, Q50 = 0.022, Q75 = 0.035

[2026-01-24 12:16:09] INFO: Mean edge coverage: 33
[2026-01-24 12:16:09] DEBUG: 2	len:946	cov:1	mult:0.030303
[2026-01-24 12:16:09] DEBUG: -2	len:946	cov:1	mult:0.030303
[2026-01-24 12:16:09] DEBUG: 3	len:212071	cov:33	mult:1
[2026-01-24 12:16:09] DEBUG: -3	len:212071	cov:33	mult:1
[2026-01-24 12:16:09] DEBUG: 5	len:40477	cov:51	mult:1.54545
[2026-01-24 12:16:09] DEBUG: -5	len:40477	cov:51	mult:1.54545
[2026-01-24 12:16:09] DEBUG: 6	len:18276	cov:45	mult:1.36364
[2026-01-24 12:16:09] DEBUG: -6	len:18276	cov:45	mult:1.36364
[2026-01-24 12:16:09] DEBUG: 7	len:3927	cov:86	mult:2.60606
[2026-01-24 12:16:09] DEBUG: -7	len:3927	cov:86	mult:2.60606
[2026-01-24 12:16:09] DEBUG: 11	len:5297	cov:129	mult:3.90909
[2026-01-24 12:16:09] DEBUG: -11	len:5297	cov:129	mult:3.90909
[2026-01-24 12:16:09] DEBUG: 12	len:259201	cov:37	mult:1.12121
[2026-01-24 12:16:09] DEBUG: -12	len:259201	cov:37	mult:1.12121
[2026-01-24 12:16:09] DEBUG: 16	len:734	cov:69	mult:2.09091
[2026-01-24 12:16:09] DEBUG: -16	len:734	cov:69	mult:2.09091
[2026-01-24 12:16:09] DEBUG: 19	len:200176	cov:36	mult:1.09091
[2026-01-24 12:16:09] DEBUG: -19	len:200176	cov:36	mult:1.09091
[2026-01-24 12:16:09] DEBUG: 20	len:48124	cov:46	mult:1.39394
[2026-01-24 12:16:09] DEBUG: -20	len:48124	cov:46	mult:1.39394
[2026-01-24 12:16:09] DEBUG: 21	len:635222	cov:33	mult:1
[2026-01-24 12:16:09] DEBUG: -21	len:635222	cov:33	mult:1
[2026-01-24 12:16:09] DEBUG: 22	len:1472435	cov:31	mult:0.939394
[2026-01-24 12:16:09] DEBUG: -22	len:1472435	cov:31	mult:0.939394
[2026-01-24 12:16:09] DEBUG: 23	len:42908	cov:27	mult:0.818182
[2026-01-24 12:16:09] DEBUG: -23	len:42908	cov:27	mult:0.818182
[2026-01-24 12:16:09] DEBUG: Unique coverage threshold 78
[2026-01-24 12:16:09] INFO: Simplifying the graph
[2026-01-24 12:16:09] DEBUG: Read coverage cutoff: 7
[2026-01-24 12:16:09] DEBUG: [SIMPL] Removed 0 paths with low coverage
[2026-01-24 12:16:09] DEBUG: [SIMPL] Masked 0 heterozygous loops
[2026-01-24 12:16:09] DEBUG: [SIMPL] Masked 0 simple bubbles
[2026-01-24 12:16:09] DEBUG: Finding repeats
[2026-01-24 12:16:09] DEBUG: Read coverage cutoff: 7
[2026-01-24 12:16:09] DEBUG: Low-coverage: 2 1
[2026-01-24 12:16:09] DEBUG: High-cov: 7	3927	86
[2026-01-24 12:16:09] DEBUG: High-cov: 11	5297	129
[2026-01-24 12:16:09] DEBUG: Repeat detection iteration 1
[2026-01-24 12:16:09] DEBUG: Starting 16 aln:73
[2026-01-24 12:16:09] DEBUG: 	      19	num:37	flank:16916	span:5
[2026-01-24 12:16:09] DEBUG: 	      21	num:32	flank:28127	span:4
[2026-01-24 12:16:09] DEBUG: Starting -16 aln:73
[2026-01-24 12:16:09] DEBUG: 	      12	num:22	flank:12989	span:5280
[2026-01-24 12:16:09] DEBUG: 	      -12	num:17	flank:24446	span:5085
[2026-01-24 12:16:09] DEBUG: Mult: 16	734	69	 (1,1)
[2026-01-24 12:16:09] DEBUG: Writing Dot
[2026-01-24 12:16:09] DEBUG: Writing FASTA
[2026-01-24 12:16:10] DEBUG: Writing Gfa
[2026-01-24 12:16:10] DEBUG: [SIMPL] == Iteration 1 ==
[2026-01-24 12:16:10] DEBUG: Splitting nodes
[2026-01-24 12:16:10] DEBUG: [SIMPL] Split 0 nodes
[2026-01-24 12:16:10] DEBUG: [SIMPL] Clipped 0 short and 0 long tips
[2026-01-24 12:16:10] DEBUG: [SIMPL] Masked 0 heterozygous loops
[2026-01-24 12:16:10] DEBUG: [SIMPL] Masked 0 simple bubbles
[2026-01-24 12:16:10] DEBUG: Finding repeats
[2026-01-24 12:16:10] DEBUG: Read coverage cutoff: 7
[2026-01-24 12:16:10] DEBUG: Low-coverage: 2 1
[2026-01-24 12:16:10] DEBUG: High-cov: 7	3927	86
[2026-01-24 12:16:10] DEBUG: High-cov: 11	5297	129
[2026-01-24 12:16:10] DEBUG: Repeat detection iteration 1
[2026-01-24 12:16:10] DEBUG: Starting 16 aln:73
[2026-01-24 12:16:10] DEBUG: 	      19	num:37	flank:16916	span:5
[2026-01-24 12:16:10] DEBUG: 	      21	num:32	flank:28127	span:4
[2026-01-24 12:16:10] DEBUG: Starting -16 aln:73
[2026-01-24 12:16:10] DEBUG: 	      12	num:22	flank:12989	span:5280
[2026-01-24 12:16:10] DEBUG: 	      -12	num:17	flank:24446	span:5085
[2026-01-24 12:16:10] DEBUG: Mult: 16	734	69	 (1,1)
[2026-01-24 12:16:10] DEBUG: Total unique edges: 9
[2026-01-24 12:16:10] DEBUG: 	Connection -20	-6	24	0.941176
[2026-01-24 12:16:10] DEBUG: 	Connection 20	-5	28	0.949153
[2026-01-24 12:16:10] DEBUG: 	Connection -22	-21	24	1
[2026-01-24 12:16:10] DEBUG: 	Connection 22	-3	20	1
[2026-01-24 12:16:10] DEBUG: 	Connection -3	-19	26	0.981132
[2026-01-24 12:16:10] DEBUG: 	Connection -19	12	21	1
[2026-01-24 12:16:10] DEBUG: 	Connection 12	21	17	1
[2026-01-24 12:16:10] DEBUG: 	Connection -5	6	44	0.988764
[2026-01-24 12:16:10] DEBUG: [SIMPL] Resolved repeats: 8
[2026-01-24 12:16:10] DEBUG: RR links: 416
[2026-01-24 12:16:10] DEBUG: Unresolved: 0
[2026-01-24 12:16:10] DEBUG: Removed 0 simple and 0 double chimeric junctions
[2026-01-24 12:16:10] DEBUG: [SIMPL] == Iteration 2 ==
[2026-01-24 12:16:10] DEBUG: Splitting nodes
[2026-01-24 12:16:10] DEBUG: [SIMPL] Split 0 nodes
[2026-01-24 12:16:10] DEBUG: [SIMPL] Clipped 0 short and 0 long tips
[2026-01-24 12:16:10] DEBUG: [SIMPL] Masked 0 heterozygous loops
[2026-01-24 12:16:10] DEBUG: [SIMPL] Masked 0 simple bubbles
[2026-01-24 12:16:10] DEBUG: Finding repeats
[2026-01-24 12:16:10] DEBUG: Read coverage cutoff: 7
[2026-01-24 12:16:10] DEBUG: Low-coverage: 2 1
[2026-01-24 12:16:10] DEBUG: Repeat detection iteration 1
[2026-01-24 12:16:10] DEBUG: Total unique edges: 15
[2026-01-24 12:16:10] DEBUG: [SIMPL] Resolved repeats: 0
[2026-01-24 12:16:10] DEBUG: RR links: 0
[2026-01-24 12:16:10] DEBUG: Unresolved: 0
[2026-01-24 12:16:10] DEBUG: Removed 0 simple and 0 double chimeric junctions
[2026-01-24 12:16:10] DEBUG: [SIMPL] Collapsed 0 haplotypes
[2026-01-24 12:16:10] DEBUG: [SIMPL] Resolved 0 simple repeats
[2026-01-24 12:16:10] DEBUG: Read coverage cutoff: 7
[2026-01-24 12:16:10] DEBUG: [SIMPL] Removed 1 paths with low coverage
[2026-01-24 12:16:10] DEBUG: Finding repeats
[2026-01-24 12:16:10] DEBUG: Read coverage cutoff: 7
[2026-01-24 12:16:10] DEBUG: Repeat detection iteration 1
[2026-01-24 12:16:10] DEBUG: Writing Dot
[2026-01-24 12:16:10] DEBUG: Writing FASTA
[2026-01-24 12:16:10] DEBUG: Peak RAM usage: 0 Gb
-----------End assembly log------------
[2026-01-24 12:16:10] root: INFO: >>>STAGE: contigger
[2026-01-24 12:16:10] root: INFO: Generating contigs
[2026-01-24 12:16:10] root: DEBUG: -----Begin contigger analyser log------
[2026-01-24 12:16:10] root: DEBUG: Running: flye-modules contigger --graph-edges /var/folders/zg/vq0dnx517c54hg87dyqjky740000gn/T/.tmptjHOiI/20-repeat/repeat_graph_edges.fasta --reads /Users/mschul/Downloads/sample01/sample01_autocycler/porechop_output_sample01/subsampled_reads/sample_02.fastq --out-dir /var/folders/zg/vq0dnx517c54hg87dyqjky740000gn/T/.tmptjHOiI/30-contigger --config /opt/miniconda3/envs/autocycler/lib/python3.12/site-packages/flye/config/bin_cfg/asm_nano_hq.cfg --repeat-graph /var/folders/zg/vq0dnx517c54hg87dyqjky740000gn/T/.tmptjHOiI/20-repeat/repeat_graph_dump --graph-aln /var/folders/zg/vq0dnx517c54hg87dyqjky740000gn/T/.tmptjHOiI/20-repeat/read_alignment_dump --log /var/folders/zg/vq0dnx517c54hg87dyqjky740000gn/T/.tmptjHOiI/flye.log --threads 10 --min-ovlp 2000
[2026-01-24 12:16:10] DEBUG: Build date: May  4 2025 23:20:18
[2026-01-24 12:16:10] DEBUG: Total RAM: 24 Gb
[2026-01-24 12:16:10] DEBUG: Available RAM: 0 Gb
[2026-01-24 12:16:10] DEBUG: Total CPUs: 10
[2026-01-24 12:16:10] DEBUG: Loading /opt/miniconda3/envs/autocycler/lib/python3.12/site-packages/flye/config/bin_cfg/asm_nano_hq.cfg
[2026-01-24 12:16:10] DEBUG: Loading /opt/miniconda3/envs/autocycler/lib/python3.12/site-packages/flye/config/bin_cfg/asm_defaults.cfg
[2026-01-24 12:16:10] DEBUG: 	big_genome_threshold=29000000
[2026-01-24 12:16:10] DEBUG: 	meta_read_filter_kmer_freq=100
[2026-01-24 12:16:10] DEBUG: 	chain_large_gap_penalty=2
[2026-01-24 12:16:10] DEBUG: 	chain_small_gap_penalty=0.5
[2026-01-24 12:16:10] DEBUG: 	chain_gap_jump_threshold=100
[2026-01-24 12:16:10] DEBUG: 	max_jump_gap=500
[2026-01-24 12:16:10] DEBUG: 	max_coverage_drop_rate=5
[2026-01-24 12:16:10] DEBUG: 	max_extensions_drop_rate=5
[2026-01-24 12:16:10] DEBUG: 	chimera_window=100
[2026-01-24 12:16:10] DEBUG: 	chimera_overhang=1000
[2026-01-24 12:16:10] DEBUG: 	min_reads_in_disjointig=4
[2026-01-24 12:16:10] DEBUG: 	max_inner_reads=10
[2026-01-24 12:16:10] DEBUG: 	max_inner_fraction=0.25
[2026-01-24 12:16:10] DEBUG: 	aggressive_dup_filter=1
[2026-01-24 12:16:10] DEBUG: 	max_separation=500
[2026-01-24 12:16:10] DEBUG: 	unique_edge_length=50000
[2026-01-24 12:16:10] DEBUG: 	min_repeat_res_support=0.51
[2026-01-24 12:16:10] DEBUG: 	out_paths_ratio=5
[2026-01-24 12:16:10] DEBUG: 	graph_cov_drop_rate=5
[2026-01-24 12:16:10] DEBUG: 	coverage_estimate_window=100
[2026-01-24 12:16:10] DEBUG: 	max_bubble_length=50000
[2026-01-24 12:16:10] DEBUG: 	loop_coverage_rate=1.5
[2026-01-24 12:16:10] DEBUG: 	repeat_edge_cov_mult=1.75
[2026-01-24 12:16:10] DEBUG: 	weak_detach_rate=5
[2026-01-24 12:16:10] DEBUG: 	tip_coverage_rate=2
[2026-01-24 12:16:10] DEBUG: 	tip_length_rate=2
[2026-01-24 12:16:10] DEBUG: 	output_gfa_before_rr=1
[2026-01-24 12:16:10] DEBUG: 	remove_alt_edges=0
[2026-01-24 12:16:10] DEBUG: 	low_cutoff_warning=0
[2026-01-24 12:16:10] DEBUG: 	kmer_size=17
[2026-01-24 12:16:10] DEBUG: 	use_minimizers=1
[2026-01-24 12:16:10] DEBUG: 	minimizer_window=10
[2026-01-24 12:16:10] DEBUG: 	reads_base_alignment=1
[2026-01-24 12:16:10] DEBUG: 	meta_read_top_kmer_rate=0.75
[2026-01-24 12:16:10] DEBUG: 	maximum_jump=1500
[2026-01-24 12:16:10] DEBUG: 	maximum_overhang=1500
[2026-01-24 12:16:10] DEBUG: 	repeat_kmer_rate=100
[2026-01-24 12:16:10] DEBUG: 	assemble_ovlp_divergence=0.03
[2026-01-24 12:16:10] DEBUG: 	assemble_divergence_relative=1
[2026-01-24 12:16:10] DEBUG: 	repeat_graph_ovlp_divergence=0.03
[2026-01-24 12:16:10] DEBUG: 	read_align_ovlp_divergence=0.10
[2026-01-24 12:16:10] DEBUG: 	hpc_scoring_on=1
[2026-01-24 12:16:10] DEBUG: 	add_unassembled_reads=0
[2026-01-24 12:16:10] DEBUG: 	extend_contigs_with_repeats=0
[2026-01-24 12:16:10] DEBUG: 	min_read_cov_cutoff=3
[2026-01-24 12:16:10] DEBUG: 	short_tip_length=20000
[2026-01-24 12:16:10] DEBUG: 	long_tip_length=100000
[2026-01-24 12:16:10] DEBUG: Running with k-mer size: 17
[2026-01-24 12:16:10] DEBUG: Selected minimum overlap 2000
[2026-01-24 12:16:10] INFO: Reading sequences
[2026-01-24 12:16:10] DEBUG: Building positional index
[2026-01-24 12:16:10] DEBUG: Total sequence: 114206934 bp
[2026-01-24 12:16:10] DEBUG: Flipped 0
[2026-01-24 12:16:10] DEBUG: UPath 1: 27 -> -22 -> 26 -> -21 -> 30 -> -12 -> -29 -> 19 -> 3
[2026-01-24 12:16:10] DEBUG: UPath 2: 25 -> -20 -> 24 -> -6 -> 5
[2026-01-24 12:16:10] DEBUG: UPath 3: 23
[2026-01-24 12:16:10] DEBUG: Final graph contains 3 egdes
[2026-01-24 12:16:10] DEBUG: Extending contigs into repeats
[2026-01-24 12:16:10] DEBUG: Covered 0 repetitive contigs
[2026-01-24 12:16:10] INFO: Generated 3 contigs
[2026-01-24 12:16:10] DEBUG: Writing FASTA
[2026-01-24 12:16:10] DEBUG: Generating scaffold connections
[2026-01-24 12:16:10] INFO: Added 0 scaffold connections
[2026-01-24 12:16:10] DEBUG: Writing Dot
[2026-01-24 12:16:10] DEBUG: Writing FASTA
[2026-01-24 12:16:10] DEBUG: Writing Gfa
[2026-01-24 12:16:10] DEBUG: Peak RAM usage: 0 Gb
-----------End assembly log------------
[2026-01-24 12:16:10] root: INFO: >>>STAGE: polishing
[2026-01-24 12:16:10] root: INFO: Polishing genome (1/1)
[2026-01-24 12:16:10] root: INFO: Running minimap2
[2026-01-24 12:16:15] root: INFO: Separating alignment into bubbles
[2026-01-24 12:16:34] root: DEBUG: Generated 189923 bubbles
[2026-01-24 12:16:34] root: DEBUG: Split 0 long bubbles
[2026-01-24 12:16:34] root: DEBUG: Skipped 0 empty bubbles
[2026-01-24 12:16:34] root: DEBUG: Skipped 0 bubbles with long branches
[2026-01-24 12:16:34] root: INFO: Alignment error rate: 0.035663
[2026-01-24 12:16:34] root: INFO: Correcting bubbles
[2026-01-24 12:16:44] root: DEBUG: Mean contig coverage: 38, selected threshold: 8
[2026-01-24 12:16:44] root: DEBUG: Filtered 0 contigs of total length 0
[2026-01-24 12:16:44] root: DEBUG: Generating polished GFA
[2026-01-24 12:16:45] root: DEBUG: 0 sequences remained unpolished
[2026-01-24 12:16:45] root: INFO: >>>STAGE: finalize
[2026-01-24 12:16:45] root: DEBUG: ---Output dir contents:----
[2026-01-24 12:16:45] root: DEBUG: .tmptjHOiI/
[2026-01-24 12:16:45] root: DEBUG:     2.0 M       assembly_graph.gfa
[2026-01-24 12:16:45] root: DEBUG:     92.0 B      params.json
[2026-01-24 12:16:45] root: DEBUG:     421.0 B     assembly_graph.gv
[2026-01-24 12:16:45] root: DEBUG:     36.0 K      flye.log
[2026-01-24 12:16:45] root: DEBUG:     2.0 M       assembly.fasta
[2026-01-24 12:16:45] root: DEBUG:     00-assembly/
[2026-01-24 12:16:45] root: DEBUG:         97.0 B      draft_assembly.fasta.fai
[2026-01-24 12:16:45] root: DEBUG:         3.0 M       draft_assembly.fasta
[2026-01-24 12:16:45] root: DEBUG:     40-polishing/
[2026-01-24 12:16:45] root: DEBUG:         2.0 M       filtered_contigs.fasta
[2026-01-24 12:16:45] root: DEBUG:         1020.0 K    base_coverage.bed.gz
[2026-01-24 12:16:45] root: DEBUG:         83.0 B      contigs_stats.txt
[2026-01-24 12:16:45] root: DEBUG:         931.0 B     minimap.stderr
[2026-01-24 12:16:45] root: DEBUG:         24.0 K      minimap_1.bam.csi
[2026-01-24 12:16:45] root: DEBUG:         83.0 B      filtered_stats.txt
[2026-01-24 12:16:45] root: DEBUG:         85.0 B      filtered_contigs.fasta.fai
[2026-01-24 12:16:45] root: DEBUG:         2.0 M       polished_edges.gfa
[2026-01-24 12:16:45] root: DEBUG:         131.0 B     edges_aln.bam.csi
[2026-01-24 12:16:45] root: DEBUG:     20-repeat/
[2026-01-24 12:16:45] root: DEBUG:         2.0 M       graph_before_rr.gfa
[2026-01-24 12:16:45] root: DEBUG:         2.0 M       read_alignment_dump
[2026-01-24 12:16:45] root: DEBUG:         3.0 K       repeat_graph_dump
[2026-01-24 12:16:45] root: DEBUG:         2.0 M       graph_before_rr.fasta
[2026-01-24 12:16:45] root: DEBUG:         1.0 K       graph_before_rr.gv
[2026-01-24 12:16:45] root: DEBUG:         2.0 M       repeat_graph_edges.fasta
[2026-01-24 12:16:45] root: DEBUG:         1.0 K       graph_after_rr.gv
[2026-01-24 12:16:45] root: DEBUG:     30-contigger/
[2026-01-24 12:16:45] root: DEBUG:         2.0 M       graph_final.fasta
[2026-01-24 12:16:45] root: DEBUG:         2.0 M       contigs.fasta
[2026-01-24 12:16:45] root: DEBUG:         179.0 B     contigs_stats.txt
[2026-01-24 12:16:45] root: DEBUG:         0.0 B       scaffolds_links.txt
[2026-01-24 12:16:45] root: DEBUG:         85.0 B      contigs.fasta.fai
[2026-01-24 12:16:45] root: DEBUG:         421.0 B     graph_final.gv
[2026-01-24 12:16:45] root: DEBUG:         2.0 M       graph_final.gfa
[2026-01-24 12:16:45] root: DEBUG:     10-consensus/
[2026-01-24 12:16:45] root: DEBUG:         3.0 M       consensus.fasta
[2026-01-24 12:16:45] root: DEBUG:         1016.0 B    minimap.stderr
[2026-01-24 12:16:45] root: DEBUG:         25.0 K      minimap.bam.csi
[2026-01-24 12:16:45] root: DEBUG: --------------------------
[2026-01-24 12:16:45] root: INFO: Assembly statistics:

	Total length:	2960094
	Fragments:	3
	Fragments N50:	2802245
	Largest frg:	2802245
	Scaffolds:	0
	Mean coverage:	38

[2026-01-24 12:16:45] root: INFO: Final assembly: /var/folders/zg/vq0dnx517c54hg87dyqjky740000gn/T/.tmptjHOiI/assembly.fasta
