[2026-01-24 12:19:35] root: INFO: Starting Flye 2.9.6-b1802
[2026-01-24 12:19:35] root: DEBUG: Cmd: /opt/miniconda3/envs/autocycler/bin/flye --nano-hq sample01_autocycler/porechop_output_sample01/subsampled_reads/sample_04.fastq --threads 10 --out-dir /var/folders/zg/vq0dnx517c54hg87dyqjky740000gn/T/.tmpd0TCIs
[2026-01-24 12:19:35] root: DEBUG: Python version: 3.12.12 | packaged by conda-forge | (main, Oct 22 2025, 23:34:53) [Clang 19.1.7 ]
[2026-01-24 12:19:35] root: INFO: >>>STAGE: configure
[2026-01-24 12:19:35] root: INFO: Configuring run
[2026-01-24 12:19:35] root: INFO: Total read length: 114067688
[2026-01-24 12:19:35] root: INFO: Reads N50/N90: 20555 / 2102
[2026-01-24 12:19:35] root: INFO: Minimum overlap set to 2000
[2026-01-24 12:19:35] root: INFO: >>>STAGE: assembly
[2026-01-24 12:19:35] root: INFO: Assembling disjointigs
[2026-01-24 12:19:35] root: DEBUG: -----Begin assembly log------
[2026-01-24 12:19:35] root: DEBUG: Running: flye-modules assemble --reads /Users/mschul/Downloads/sample01/sample01_autocycler/porechop_output_sample01/subsampled_reads/sample_04.fastq --out-asm /var/folders/zg/vq0dnx517c54hg87dyqjky740000gn/T/.tmpd0TCIs/00-assembly/draft_assembly.fasta --config /opt/miniconda3/envs/autocycler/lib/python3.12/site-packages/flye/config/bin_cfg/asm_nano_hq.cfg --log /var/folders/zg/vq0dnx517c54hg87dyqjky740000gn/T/.tmpd0TCIs/flye.log --threads 10 --min-ovlp 2000
[2026-01-24 12:19:35] DEBUG: Build date: May  4 2025 23:20:07
[2026-01-24 12:19:35] DEBUG: Total RAM: 24 Gb
[2026-01-24 12:19:35] DEBUG: Available RAM: 0 Gb
[2026-01-24 12:19:35] DEBUG: Total CPUs: 10
[2026-01-24 12:19:35] DEBUG: Loading /opt/miniconda3/envs/autocycler/lib/python3.12/site-packages/flye/config/bin_cfg/asm_nano_hq.cfg
[2026-01-24 12:19:35] DEBUG: Loading /opt/miniconda3/envs/autocycler/lib/python3.12/site-packages/flye/config/bin_cfg/asm_defaults.cfg
[2026-01-24 12:19:35] DEBUG: 	big_genome_threshold=29000000
[2026-01-24 12:19:35] DEBUG: 	meta_read_filter_kmer_freq=100
[2026-01-24 12:19:35] DEBUG: 	chain_large_gap_penalty=2
[2026-01-24 12:19:35] DEBUG: 	chain_small_gap_penalty=0.5
[2026-01-24 12:19:35] DEBUG: 	chain_gap_jump_threshold=100
[2026-01-24 12:19:35] DEBUG: 	max_jump_gap=500
[2026-01-24 12:19:35] DEBUG: 	max_coverage_drop_rate=5
[2026-01-24 12:19:35] DEBUG: 	max_extensions_drop_rate=5
[2026-01-24 12:19:35] DEBUG: 	chimera_window=100
[2026-01-24 12:19:35] DEBUG: 	chimera_overhang=1000
[2026-01-24 12:19:35] DEBUG: 	min_reads_in_disjointig=4
[2026-01-24 12:19:35] DEBUG: 	max_inner_reads=10
[2026-01-24 12:19:35] DEBUG: 	max_inner_fraction=0.25
[2026-01-24 12:19:35] DEBUG: 	aggressive_dup_filter=1
[2026-01-24 12:19:35] DEBUG: 	max_separation=500
[2026-01-24 12:19:35] DEBUG: 	unique_edge_length=50000
[2026-01-24 12:19:35] DEBUG: 	min_repeat_res_support=0.51
[2026-01-24 12:19:35] DEBUG: 	out_paths_ratio=5
[2026-01-24 12:19:35] DEBUG: 	graph_cov_drop_rate=5
[2026-01-24 12:19:35] DEBUG: 	coverage_estimate_window=100
[2026-01-24 12:19:35] DEBUG: 	max_bubble_length=50000
[2026-01-24 12:19:35] DEBUG: 	loop_coverage_rate=1.5
[2026-01-24 12:19:35] DEBUG: 	repeat_edge_cov_mult=1.75
[2026-01-24 12:19:35] DEBUG: 	weak_detach_rate=5
[2026-01-24 12:19:35] DEBUG: 	tip_coverage_rate=2
[2026-01-24 12:19:35] DEBUG: 	tip_length_rate=2
[2026-01-24 12:19:35] DEBUG: 	output_gfa_before_rr=1
[2026-01-24 12:19:35] DEBUG: 	remove_alt_edges=0
[2026-01-24 12:19:35] DEBUG: 	low_cutoff_warning=0
[2026-01-24 12:19:35] DEBUG: 	kmer_size=17
[2026-01-24 12:19:35] DEBUG: 	use_minimizers=1
[2026-01-24 12:19:35] DEBUG: 	minimizer_window=10
[2026-01-24 12:19:35] DEBUG: 	reads_base_alignment=1
[2026-01-24 12:19:35] DEBUG: 	meta_read_top_kmer_rate=0.75
[2026-01-24 12:19:35] DEBUG: 	maximum_jump=1500
[2026-01-24 12:19:35] DEBUG: 	maximum_overhang=1500
[2026-01-24 12:19:35] DEBUG: 	repeat_kmer_rate=100
[2026-01-24 12:19:35] DEBUG: 	assemble_ovlp_divergence=0.03
[2026-01-24 12:19:35] DEBUG: 	assemble_divergence_relative=1
[2026-01-24 12:19:35] DEBUG: 	repeat_graph_ovlp_divergence=0.03
[2026-01-24 12:19:35] DEBUG: 	read_align_ovlp_divergence=0.10
[2026-01-24 12:19:35] DEBUG: 	hpc_scoring_on=1
[2026-01-24 12:19:35] DEBUG: 	add_unassembled_reads=0
[2026-01-24 12:19:35] DEBUG: 	extend_contigs_with_repeats=0
[2026-01-24 12:19:35] DEBUG: 	min_read_cov_cutoff=3
[2026-01-24 12:19:35] DEBUG: 	short_tip_length=20000
[2026-01-24 12:19:35] DEBUG: 	long_tip_length=100000
[2026-01-24 12:19:35] DEBUG: Running with k-mer size: 17
[2026-01-24 12:19:35] DEBUG: Running with minimum overlap 2000
[2026-01-24 12:19:35] DEBUG: Metagenome mode: N
[2026-01-24 12:19:35] DEBUG: Short mode: N
[2026-01-24 12:19:35] INFO: Reading sequences
[2026-01-24 12:19:35] DEBUG: Building positional index
[2026-01-24 12:19:35] DEBUG: Total sequence: 103272052 bp
[2026-01-24 12:19:35] INFO: Building minimizer index
[2026-01-24 12:19:35] INFO: Pre-calculating index storage
[2026-01-24 12:19:36] DEBUG: Mean k-mer frequency: 4.14239
[2026-01-24 12:19:36] DEBUG: Repetitive k-mer frequency: 414
[2026-01-24 12:19:36] DEBUG: Filtered 10085 repetitive k-mers (0.000537888)
[2026-01-24 12:19:36] INFO: Filling index
[2026-01-24 12:19:37] DEBUG: Sorting k-mer index
[2026-01-24 12:19:37] DEBUG: Selected k-mers: 4526188
[2026-01-24 12:19:37] DEBUG: K-mer index size: 18739185
[2026-01-24 12:19:37] DEBUG: Mean k-mer frequency: 4.14017
[2026-01-24 12:19:37] DEBUG: Minimizer rate: 5.51102
[2026-01-24 12:19:37] DEBUG: Peak RAM usage: 0 Gb
[2026-01-24 12:19:37] DEBUG: Estimating k-mer identity bias
[2026-01-24 12:19:40] DEBUG: Initial divergence estimate : 0.0441234
[2026-01-24 12:19:40] DEBUG: Relative threshold: Y
[2026-01-24 12:19:40] DEBUG: Max divergence threshold set to 0.0741234
[2026-01-24 12:19:40] INFO: Extending reads
[2026-01-24 12:19:40] DEBUG: Estimating overlap coverage
[2026-01-24 12:19:57] INFO: Overlap-based coverage: 24
[2026-01-24 12:19:57] INFO: Median overlap divergence: 0.0449321
[2026-01-24 12:19:57] DEBUG: Sequence divergence distribution: 

    |      **      |                                                                                     
    |      ***     |                                                                                     
    |      ***     |                                                                                     
    |     ****     |                                                                                     
    |     *****    |                                                                                     
    |     *****    |                                                                                     
    |     *****    |                                                                                     
    |     ******   |                                                                                     
    |     ******   |                                                                                     
    |     ******   |                                                                                     
    |    *******   |                                                                                     
    |    *******   |                                                                                     
    |    ******* * |                                                                                     
    |    ********* |                                                                                     
    |    ***********                                                                                     
    |    *************                                                                                   
    |    **************   *                                                                              
    |   *************** * * **                                                                           
    |   **********************                                                                           
    | *******************************  ** *                                                              
    ----------------------------------------------------------------------------------------------------
    0%        5%        10%       15%       20%       25%       30%       35%       40%       45%       

    Q25 = 0.034, Q50 = 0.045, Q75 = 0.065

[2026-01-24 12:19:57] DEBUG: Assembled disjointig 1
	With 12 reads
	Start read: +b026a5a0-4643-4153-9325-abc2868e0998
	At position: 9
	leftTip: 0 rightTip: 0
	Suspicious: 1
	Short ext: 1
	Mean extensions: 17
	Avg overlap len: 12154
	Min overlap len: 1444
	Inner reads: 0
	Length: 86490
[2026-01-24 12:19:57] DEBUG: Inner: 304 covered: 338 total: 17892
[2026-01-24 12:20:05] DEBUG: Assembled disjointig 2
	With 261 reads
	Start read: +d649a7c8-19f8-4c53-9011-98f70b5c0bcb
	At position: 257
	leftTip: 0 rightTip: 0
	Suspicious: 0
	Short ext: 0
	Mean extensions: 21
	Avg overlap len: 32672
	Min overlap len: 2112
	Inner reads: 0
	Length: 2843692
[2026-01-24 12:20:05] DEBUG: Inner: 13974 covered: 14498 total: 17892
[2026-01-24 12:20:05] DEBUG: Discarded disjointig with 135 reads and 118 inner overlaps
[2026-01-24 12:20:05] DEBUG: Discarded disjointig with 100 reads and 98 inner overlaps
[2026-01-24 12:20:05] DEBUG: Discarded disjointig with 256 reads and 254 inner overlaps
[2026-01-24 12:20:05] DEBUG: Discarded disjointig with 180 reads and 178 inner overlaps
[2026-01-24 12:20:05] DEBUG: Discarded disjointig with 261 reads and 259 inner overlaps
[2026-01-24 12:20:05] DEBUG: Discarded disjointig with 135 reads and 133 inner overlaps
[2026-01-24 12:20:05] DEBUG: Discarded disjointig with 242 reads and 240 inner overlaps
[2026-01-24 12:20:05] DEBUG: Discarded disjointig with 258 reads and 256 inner overlaps
[2026-01-24 12:20:05] DEBUG: Assembled disjointig 3
	With 18 reads
	Start read: +5c994f43-0bf4-4e70-85ac-c468b5686d8c
	At position: 15
	leftTip: 0 rightTip: 0
	Suspicious: 0
	Short ext: 0
	Mean extensions: 28
	Avg overlap len: 37146
	Min overlap len: 2109
	Inner reads: 0
	Length: 174556
[2026-01-24 12:20:05] DEBUG: Inner: 14826 covered: 15400 total: 17892
[2026-01-24 12:20:05] DEBUG: Discarded disjointig with 3 reads and 1 inner overlaps
[2026-01-24 12:20:05] DEBUG: Discarded disjointig with 11 reads and 9 inner overlaps
[2026-01-24 12:20:05] DEBUG: Discarded disjointig with 4 reads and 2 inner overlaps
[2026-01-24 12:20:05] DEBUG: Discarded disjointig with 11 reads and 9 inner overlaps
[2026-01-24 12:20:05] DEBUG: Discarded disjointig with 256 reads and 253 inner overlaps
[2026-01-24 12:20:05] DEBUG: Discarded disjointig with 9 reads and 7 inner overlaps
[2026-01-24 12:20:05] DEBUG: Discarded disjointig with 5 reads and 3 inner overlaps
[2026-01-24 12:20:05] DEBUG: Discarded disjointig with 12 reads and 10 inner overlaps
[2026-01-24 12:20:10] INFO: Assembled 3 disjointigs
[2026-01-24 12:20:10] INFO: Generating sequence
[2026-01-24 12:20:10] DEBUG: Building positional index
[2026-01-24 12:20:10] DEBUG: Total sequence: 3104683 bp
[2026-01-24 12:20:10] DEBUG: Mean k-mer frequency: 1.05203
[2026-01-24 12:20:10] DEBUG: Repetitive k-mer frequency: 105
[2026-01-24 12:20:10] DEBUG: Filtered 0 repetitive k-mers (0)
[2026-01-24 12:20:10] DEBUG: Sorting k-mer index
[2026-01-24 12:20:10] DEBUG: Selected k-mers: 536532
[2026-01-24 12:20:10] DEBUG: K-mer index size: 564449
[2026-01-24 12:20:10] DEBUG: Mean k-mer frequency: 1.05203
[2026-01-24 12:20:10] DEBUG: Minimizer rate: 5.50038
[2026-01-24 12:20:10] INFO: Filtering contained disjointigs
[2026-01-24 12:20:11] DEBUG: Computing transitive closure for overlaps
[2026-01-24 12:20:11] DEBUG: Found 8 overlaps
[2026-01-24 12:20:11] DEBUG: Left 8 overlaps after filtering
[2026-01-24 12:20:11] INFO: Contained seqs: 0
[2026-01-24 12:20:11] DEBUG: Writing FASTA
[2026-01-24 12:20:11] DEBUG: Peak RAM usage: 0 Gb
-----------End assembly log------------
[2026-01-24 12:20:11] root: DEBUG: Disjointigs length: 3104683, N50: 2843670
[2026-01-24 12:20:11] root: INFO: >>>STAGE: consensus
[2026-01-24 12:20:11] root: INFO: Running Minimap2
[2026-01-24 12:20:15] root: INFO: Computing consensus
[2026-01-24 12:20:31] root: INFO: Alignment error rate: 0.055495
[2026-01-24 12:20:31] root: INFO: >>>STAGE: repeat
[2026-01-24 12:20:31] root: INFO: Building and resolving repeat graph
[2026-01-24 12:20:31] root: DEBUG: -----Begin repeat analyser log------
[2026-01-24 12:20:31] root: DEBUG: Running: flye-modules repeat --disjointigs /var/folders/zg/vq0dnx517c54hg87dyqjky740000gn/T/.tmpd0TCIs/10-consensus/consensus.fasta --reads /Users/mschul/Downloads/sample01/sample01_autocycler/porechop_output_sample01/subsampled_reads/sample_04.fastq --out-dir /var/folders/zg/vq0dnx517c54hg87dyqjky740000gn/T/.tmpd0TCIs/20-repeat --config /opt/miniconda3/envs/autocycler/lib/python3.12/site-packages/flye/config/bin_cfg/asm_nano_hq.cfg --log /var/folders/zg/vq0dnx517c54hg87dyqjky740000gn/T/.tmpd0TCIs/flye.log --threads 10 --min-ovlp 2000
[2026-01-24 12:20:31] DEBUG: Build date: May  4 2025 23:20:12
[2026-01-24 12:20:31] DEBUG: Total RAM: 24 Gb
[2026-01-24 12:20:31] DEBUG: Available RAM: 0 Gb
[2026-01-24 12:20:31] DEBUG: Total CPUs: 10
[2026-01-24 12:20:31] DEBUG: Loading /opt/miniconda3/envs/autocycler/lib/python3.12/site-packages/flye/config/bin_cfg/asm_nano_hq.cfg
[2026-01-24 12:20:31] DEBUG: Loading /opt/miniconda3/envs/autocycler/lib/python3.12/site-packages/flye/config/bin_cfg/asm_defaults.cfg
[2026-01-24 12:20:31] DEBUG: 	big_genome_threshold=29000000
[2026-01-24 12:20:31] DEBUG: 	meta_read_filter_kmer_freq=100
[2026-01-24 12:20:31] DEBUG: 	chain_large_gap_penalty=2
[2026-01-24 12:20:31] DEBUG: 	chain_small_gap_penalty=0.5
[2026-01-24 12:20:31] DEBUG: 	chain_gap_jump_threshold=100
[2026-01-24 12:20:31] DEBUG: 	max_jump_gap=500
[2026-01-24 12:20:31] DEBUG: 	max_coverage_drop_rate=5
[2026-01-24 12:20:31] DEBUG: 	max_extensions_drop_rate=5
[2026-01-24 12:20:31] DEBUG: 	chimera_window=100
[2026-01-24 12:20:31] DEBUG: 	chimera_overhang=1000
[2026-01-24 12:20:31] DEBUG: 	min_reads_in_disjointig=4
[2026-01-24 12:20:31] DEBUG: 	max_inner_reads=10
[2026-01-24 12:20:31] DEBUG: 	max_inner_fraction=0.25
[2026-01-24 12:20:31] DEBUG: 	aggressive_dup_filter=1
[2026-01-24 12:20:31] DEBUG: 	max_separation=500
[2026-01-24 12:20:31] DEBUG: 	unique_edge_length=50000
[2026-01-24 12:20:31] DEBUG: 	min_repeat_res_support=0.51
[2026-01-24 12:20:31] DEBUG: 	out_paths_ratio=5
[2026-01-24 12:20:31] DEBUG: 	graph_cov_drop_rate=5
[2026-01-24 12:20:31] DEBUG: 	coverage_estimate_window=100
[2026-01-24 12:20:31] DEBUG: 	max_bubble_length=50000
[2026-01-24 12:20:31] DEBUG: 	loop_coverage_rate=1.5
[2026-01-24 12:20:31] DEBUG: 	repeat_edge_cov_mult=1.75
[2026-01-24 12:20:31] DEBUG: 	weak_detach_rate=5
[2026-01-24 12:20:31] DEBUG: 	tip_coverage_rate=2
[2026-01-24 12:20:31] DEBUG: 	tip_length_rate=2
[2026-01-24 12:20:31] DEBUG: 	output_gfa_before_rr=1
[2026-01-24 12:20:31] DEBUG: 	remove_alt_edges=0
[2026-01-24 12:20:31] DEBUG: 	low_cutoff_warning=0
[2026-01-24 12:20:31] DEBUG: 	kmer_size=17
[2026-01-24 12:20:31] DEBUG: 	use_minimizers=1
[2026-01-24 12:20:31] DEBUG: 	minimizer_window=10
[2026-01-24 12:20:31] DEBUG: 	reads_base_alignment=1
[2026-01-24 12:20:31] DEBUG: 	meta_read_top_kmer_rate=0.75
[2026-01-24 12:20:31] DEBUG: 	maximum_jump=1500
[2026-01-24 12:20:31] DEBUG: 	maximum_overhang=1500
[2026-01-24 12:20:31] DEBUG: 	repeat_kmer_rate=100
[2026-01-24 12:20:31] DEBUG: 	assemble_ovlp_divergence=0.03
[2026-01-24 12:20:31] DEBUG: 	assemble_divergence_relative=1
[2026-01-24 12:20:31] DEBUG: 	repeat_graph_ovlp_divergence=0.03
[2026-01-24 12:20:31] DEBUG: 	read_align_ovlp_divergence=0.10
[2026-01-24 12:20:31] DEBUG: 	hpc_scoring_on=1
[2026-01-24 12:20:31] DEBUG: 	add_unassembled_reads=0
[2026-01-24 12:20:31] DEBUG: 	extend_contigs_with_repeats=0
[2026-01-24 12:20:31] DEBUG: 	min_read_cov_cutoff=3
[2026-01-24 12:20:31] DEBUG: 	short_tip_length=20000
[2026-01-24 12:20:31] DEBUG: 	long_tip_length=100000
[2026-01-24 12:20:31] DEBUG: Running with k-mer size: 17
[2026-01-24 12:20:31] DEBUG: Selected minimum overlap 2000
[2026-01-24 12:20:31] DEBUG: Metagenome mode: N
[2026-01-24 12:20:31] INFO: Parsing disjointigs
[2026-01-24 12:20:31] DEBUG: Building positional index
[2026-01-24 12:20:31] DEBUG: Total sequence: 3116120 bp
[2026-01-24 12:20:31] INFO: Building repeat graph
[2026-01-24 12:20:32] DEBUG: Mean k-mer frequency: 1.06807
[2026-01-24 12:20:32] DEBUG: Repetitive k-mer frequency: 106
[2026-01-24 12:20:32] DEBUG: Filtered 0 repetitive k-mers (0)
[2026-01-24 12:20:32] DEBUG: Sorting k-mer index
[2026-01-24 12:20:32] DEBUG: Selected k-mers: 530012
[2026-01-24 12:20:32] DEBUG: K-mer index size: 566089
[2026-01-24 12:20:32] DEBUG: Mean k-mer frequency: 1.06807
[2026-01-24 12:20:32] DEBUG: Minimizer rate: 5.50465
[2026-01-24 12:20:32] DEBUG: Computing transitive closure for overlaps
[2026-01-24 12:20:32] DEBUG: Found 124 overlaps
[2026-01-24 12:20:32] DEBUG: Left 52 overlaps after filtering
[2026-01-24 12:20:32] INFO: Median overlap divergence: 0.00569279
[2026-01-24 12:20:32] DEBUG: Sequence divergence distribution: 

    |*     |                                                                                             
    |*     |                                                                                             
    |*     |                                                                                             
    |*     |                                                                                             
    |*     |                                                                                             
    |*     |                                                                                             
    |* *   |                                                                                             
    |* *   |                                                                                             
    |* *   |                                                                                             
    |* *   |                                                                                             
    |* *   |                                                                                             
    |* *   |                                                                                             
    |* *   |                                                                                             
    |***  *|                                                                                             
    |***  *|                                                                                             
    |***  *|                                                                                             
    |*** **|                                                                                             
    |*** **|                                                                                             
    |*** **|                                                                                             
    |*** **|                                                                                             
    ----------------------------------------------------------------------------------------------------
    0%        5%        10%       15%       20%       25%       30%       35%       40%       45%       

    Q25 = 0.00076, Q50 = 0.0057, Q75 = 0.012

[2026-01-24 12:20:32] DEBUG: Computing gluepoints
[2026-01-24 12:20:32] DEBUG: Added 0 gluepoint projections
[2026-01-24 12:20:32] DEBUG: Created 78 gluepoints
[2026-01-24 12:20:32] DEBUG: Artificial loops removed: 0 left, 0 right, 0 both
[2026-01-24 12:20:32] DEBUG: Initializing edges
[2026-01-24 12:20:32] DEBUG: Edges length checksum: 26795735981
[2026-01-24 12:20:32] DEBUG: Filtered 0 singleton segments
[2026-01-24 12:20:32] DEBUG: Removed 0 simple and 0 double chimeric junctions
[2026-01-24 12:20:32] DEBUG: Collapsed 5 edges
[2026-01-24 12:20:32] DEBUG:  	4	+disjointig_1	31846	35837	3991	
[2026-01-24 12:20:32] DEBUG: *	19	+disjointig_1	35837	74813	38976	
[2026-01-24 12:20:32] DEBUG:  	4	+disjointig_1	74813	78794	3981	
[2026-01-24 12:20:32] DEBUG: *	21	+disjointig_2	52641	105414	52773	
[2026-01-24 12:20:32] DEBUG:  	11	+disjointig_2	105414	110833	5419	
[2026-01-24 12:20:32] DEBUG: *	14	+disjointig_2	110833	523090	412257	
[2026-01-24 12:20:32] DEBUG:  	-12	+disjointig_2	523090	523863	773	
[2026-01-24 12:20:32] DEBUG:  	11	+disjointig_2	523863	529181	5318	
[2026-01-24 12:20:32] DEBUG: *	13	+disjointig_2	529181	788241	259060	
[2026-01-24 12:20:32] DEBUG:  	-11	+disjointig_2	788241	793558	5317	
[2026-01-24 12:20:32] DEBUG:  	12	+disjointig_2	793558	794253	695	
[2026-01-24 12:20:32] DEBUG: *	-15	+disjointig_2	794253	1429469	635216	
[2026-01-24 12:20:32] DEBUG:  	-11	+disjointig_2	1429469	1434754	5285	
[2026-01-24 12:20:32] DEBUG: *	20	+disjointig_2	1434754	2854391	1419637	
[2026-01-24 12:20:32] DEBUG:  	-4	+disjointig_3	2641	6629	3988	
[2026-01-24 12:20:32] DEBUG:  	5	+disjointig_3	6629	54136	47507	
[2026-01-24 12:20:32] DEBUG:  	16	+disjointig_3	54136	58065	3929	
[2026-01-24 12:20:32] DEBUG: *	-22	+disjointig_3	58065	106198	48133	
[2026-01-24 12:20:32] DEBUG:  	16	+disjointig_3	106198	110128	3930	
[2026-01-24 12:20:32] DEBUG: *	-7	+disjointig_3	110128	117349	7221	
[2026-01-24 12:20:32] DEBUG:  	-4	+disjointig_3	117349	121346	3997	
[2026-01-24 12:20:32] DEBUG:  	5	+disjointig_3	121346	168998	47652	
[2026-01-24 12:20:32] DEBUG:  	16	+disjointig_3	168998	172928	3930	
[2026-01-24 12:20:32] DEBUG: Total edges: 22
[2026-01-24 12:20:32] INFO: Parsing reads
[2026-01-24 12:20:32] DEBUG: Building positional index
[2026-01-24 12:20:32] DEBUG: Total sequence: 114067688 bp
[2026-01-24 12:20:32] DEBUG: Building positional index
[2026-01-24 12:20:32] DEBUG: Total sequence: 3018985 bp
[2026-01-24 12:20:32] INFO: Aligning reads to the graph
[2026-01-24 12:20:32] DEBUG: Mean k-mer frequency: 1.03611
[2026-01-24 12:20:32] DEBUG: Repetitive k-mer frequency: 103
[2026-01-24 12:20:32] DEBUG: Filtered 0 repetitive k-mers (0)
[2026-01-24 12:20:32] DEBUG: Sorting k-mer index
[2026-01-24 12:20:32] DEBUG: Selected k-mers: 529418
[2026-01-24 12:20:32] DEBUG: K-mer index size: 548537
[2026-01-24 12:20:32] DEBUG: Mean k-mer frequency: 1.03611
[2026-01-24 12:20:32] DEBUG: Minimizer rate: 5.5037
[2026-01-24 12:20:36] DEBUG: Total reads : 8946
[2026-01-24 12:20:36] DEBUG: Read with aligned parts : 8383
[2026-01-24 12:20:36] DEBUG: Aligned in one piece : 7947
[2026-01-24 12:20:36] INFO: Aligned read sequence: 97832938 / 103272052 (0.947332)
[2026-01-24 12:20:36] INFO: Median overlap divergence: 0.0221666
[2026-01-24 12:20:36] DEBUG: Sequence divergence distribution: 

    |   *                |                                                                               
    |   *                |                                                                               
    |   *                |                                                                               
    |  **                |                                                                               
    |  **                |                                                                               
    |  ***               |                                                                               
    |  ***               |                                                                               
    |  ***               |                                                                               
    |  ***               |                                                                               
    |  ***               |                                                                               
    |  ****              |                                                                               
    |  ****              |                                                                               
    |  ****              |                                                                               
    |  *****             |                                                                               
    |  *****             |                                                                               
    | *******            |                                                                               
    | ********           |                                                                               
    | *********          |                                                                               
    | **************     |                                                                               
    |*****************************  **** **   **      ** * *       *      *    *                         
    ----------------------------------------------------------------------------------------------------
    0%        5%        10%       15%       20%       25%       30%       35%       40%       45%       

    Q25 = 0.016, Q50 = 0.022, Q75 = 0.035

[2026-01-24 12:20:36] INFO: Mean edge coverage: 33
[2026-01-24 12:20:36] DEBUG: 4	len:3989	cov:75	mult:2.27273
[2026-01-24 12:20:36] DEBUG: -4	len:3989	cov:75	mult:2.27273
[2026-01-24 12:20:36] DEBUG: 5	len:47579	cov:50	mult:1.51515
[2026-01-24 12:20:36] DEBUG: -5	len:47579	cov:50	mult:1.51515
[2026-01-24 12:20:36] DEBUG: 7	len:7221	cov:41	mult:1.24242
[2026-01-24 12:20:36] DEBUG: -7	len:7221	cov:41	mult:1.24242
[2026-01-24 12:20:36] DEBUG: 11	len:5334	cov:125	mult:3.78788
[2026-01-24 12:20:36] DEBUG: -11	len:5334	cov:125	mult:3.78788
[2026-01-24 12:20:36] DEBUG: 12	len:734	cov:69	mult:2.09091
[2026-01-24 12:20:36] DEBUG: -12	len:734	cov:69	mult:2.09091
[2026-01-24 12:20:36] DEBUG: 13	len:259060	cov:37	mult:1.12121
[2026-01-24 12:20:36] DEBUG: -13	len:259060	cov:37	mult:1.12121
[2026-01-24 12:20:36] DEBUG: 14	len:412257	cov:34	mult:1.0303
[2026-01-24 12:20:36] DEBUG: -14	len:412257	cov:34	mult:1.0303
[2026-01-24 12:20:36] DEBUG: 15	len:635216	cov:33	mult:1
[2026-01-24 12:20:36] DEBUG: -15	len:635216	cov:33	mult:1
[2026-01-24 12:20:36] DEBUG: 16	len:3929	cov:94	mult:2.84848
[2026-01-24 12:20:36] DEBUG: -16	len:3929	cov:94	mult:2.84848
[2026-01-24 12:20:36] DEBUG: 19	len:38976	cov:26	mult:0.787879
[2026-01-24 12:20:36] DEBUG: -19	len:38976	cov:26	mult:0.787879
[2026-01-24 12:20:36] DEBUG: 20	len:1419637	cov:31	mult:0.939394
[2026-01-24 12:20:36] DEBUG: -20	len:1419637	cov:31	mult:0.939394
[2026-01-24 12:20:36] DEBUG: 21	len:52773	cov:31	mult:0.939394
[2026-01-24 12:20:36] DEBUG: -21	len:52773	cov:31	mult:0.939394
[2026-01-24 12:20:36] DEBUG: 22	len:48133	cov:45	mult:1.36364
[2026-01-24 12:20:36] DEBUG: -22	len:48133	cov:45	mult:1.36364
[2026-01-24 12:20:36] DEBUG: Unique coverage threshold 71
[2026-01-24 12:20:36] INFO: Simplifying the graph
[2026-01-24 12:20:36] DEBUG: Read coverage cutoff: 7
[2026-01-24 12:20:36] DEBUG: [SIMPL] Removed 0 paths with low coverage
[2026-01-24 12:20:36] DEBUG: [SIMPL] Masked 0 heterozygous loops
[2026-01-24 12:20:36] DEBUG: [SIMPL] Masked 0 simple bubbles
[2026-01-24 12:20:36] DEBUG: Finding repeats
[2026-01-24 12:20:36] DEBUG: Read coverage cutoff: 7
[2026-01-24 12:20:36] DEBUG: High-cov: 4	3989	75
[2026-01-24 12:20:36] DEBUG: High-cov: 11	5334	125
[2026-01-24 12:20:36] DEBUG: High-cov: 16	3929	94
[2026-01-24 12:20:36] DEBUG: Repeat detection iteration 1
[2026-01-24 12:20:36] DEBUG: Starting 12 aln:73
[2026-01-24 12:20:36] DEBUG: 	      -14	num:37	flank:16916	span:17
[2026-01-24 12:20:36] DEBUG: 	      -15	num:31	flank:24491	span:6
[2026-01-24 12:20:36] DEBUG: Starting -12 aln:73
[2026-01-24 12:20:36] DEBUG: 	      13	num:22	flank:12989	span:5286
[2026-01-24 12:20:36] DEBUG: 	      -13	num:15	flank:24307	span:5270
[2026-01-24 12:20:36] DEBUG: Mult: 12	734	69	 (1,1)
[2026-01-24 12:20:36] DEBUG: Writing Dot
[2026-01-24 12:20:36] DEBUG: Writing FASTA
[2026-01-24 12:20:36] DEBUG: Writing Gfa
[2026-01-24 12:20:36] DEBUG: [SIMPL] == Iteration 1 ==
[2026-01-24 12:20:36] DEBUG: Splitting nodes
[2026-01-24 12:20:36] DEBUG: [SIMPL] Split 0 nodes
[2026-01-24 12:20:36] DEBUG: [SIMPL] Clipped 0 short and 0 long tips
[2026-01-24 12:20:36] DEBUG: [SIMPL] Masked 0 heterozygous loops
[2026-01-24 12:20:36] DEBUG: [SIMPL] Masked 0 simple bubbles
[2026-01-24 12:20:36] DEBUG: Finding repeats
[2026-01-24 12:20:36] DEBUG: Read coverage cutoff: 7
[2026-01-24 12:20:36] DEBUG: High-cov: 4	3989	75
[2026-01-24 12:20:36] DEBUG: High-cov: 11	5334	125
[2026-01-24 12:20:36] DEBUG: High-cov: 16	3929	94
[2026-01-24 12:20:36] DEBUG: Repeat detection iteration 1
[2026-01-24 12:20:36] DEBUG: Starting 12 aln:73
[2026-01-24 12:20:36] DEBUG: 	      -14	num:37	flank:16916	span:17
[2026-01-24 12:20:36] DEBUG: 	      -15	num:31	flank:24491	span:6
[2026-01-24 12:20:36] DEBUG: Starting -12 aln:73
[2026-01-24 12:20:36] DEBUG: 	      13	num:22	flank:12989	span:5286
[2026-01-24 12:20:36] DEBUG: 	      -13	num:15	flank:24307	span:5270
[2026-01-24 12:20:36] DEBUG: Mult: 12	734	69	 (1,1)
[2026-01-24 12:20:36] DEBUG: Total unique edges: 9
[2026-01-24 12:20:36] DEBUG: 	Connection 5	-22	30	0.967742
[2026-01-24 12:20:36] DEBUG: 	Connection -20	15	21	1
[2026-01-24 12:20:36] DEBUG: 	Connection -22	-7	24	0.96
[2026-01-24 12:20:36] DEBUG: 	Connection 21	14	21	1
[2026-01-24 12:20:36] DEBUG: 	Connection 14	13	21	1
[2026-01-24 12:20:36] DEBUG: 	Connection 13	-15	15	1
[2026-01-24 12:20:36] DEBUG: 	Connection -5	7	25	1
[2026-01-24 12:20:36] DEBUG: [SIMPL] Resolved repeats: 7
[2026-01-24 12:20:36] DEBUG: RR links: 318
[2026-01-24 12:20:36] DEBUG: Unresolved: 0
[2026-01-24 12:20:36] DEBUG: Removed 0 simple and 0 double chimeric junctions
[2026-01-24 12:20:36] DEBUG: [SIMPL] == Iteration 2 ==
[2026-01-24 12:20:36] DEBUG: Splitting nodes
[2026-01-24 12:20:36] DEBUG: [SIMPL] Split 0 nodes
[2026-01-24 12:20:36] DEBUG: [SIMPL] Clipped 0 short and 0 long tips
[2026-01-24 12:20:36] DEBUG: [SIMPL] Masked 0 heterozygous loops
[2026-01-24 12:20:36] DEBUG: [SIMPL] Masked 0 simple bubbles
[2026-01-24 12:20:36] DEBUG: Finding repeats
[2026-01-24 12:20:36] DEBUG: Read coverage cutoff: 7
[2026-01-24 12:20:36] DEBUG: Repeat detection iteration 1
[2026-01-24 12:20:36] DEBUG: Total unique edges: 17
[2026-01-24 12:20:36] DEBUG: [SIMPL] Resolved repeats: 0
[2026-01-24 12:20:36] DEBUG: RR links: 0
[2026-01-24 12:20:36] DEBUG: Unresolved: 0
[2026-01-24 12:20:36] DEBUG: Removed 0 simple and 0 double chimeric junctions
[2026-01-24 12:20:36] DEBUG: [SIMPL] Collapsed 0 haplotypes
[2026-01-24 12:20:36] DEBUG: [SIMPL] Resolved 0 simple repeats
[2026-01-24 12:20:36] DEBUG: Read coverage cutoff: 7
[2026-01-24 12:20:36] DEBUG: [SIMPL] Removed 0 paths with low coverage
[2026-01-24 12:20:36] DEBUG: Finding repeats
[2026-01-24 12:20:36] DEBUG: Read coverage cutoff: 7
[2026-01-24 12:20:36] DEBUG: Repeat detection iteration 1
[2026-01-24 12:20:36] DEBUG: Writing Dot
[2026-01-24 12:20:36] DEBUG: Writing FASTA
[2026-01-24 12:20:36] DEBUG: Peak RAM usage: 0 Gb
-----------End assembly log------------
[2026-01-24 12:20:36] root: INFO: >>>STAGE: contigger
[2026-01-24 12:20:36] root: INFO: Generating contigs
[2026-01-24 12:20:36] root: DEBUG: -----Begin contigger analyser log------
[2026-01-24 12:20:36] root: DEBUG: Running: flye-modules contigger --graph-edges /var/folders/zg/vq0dnx517c54hg87dyqjky740000gn/T/.tmpd0TCIs/20-repeat/repeat_graph_edges.fasta --reads /Users/mschul/Downloads/sample01/sample01_autocycler/porechop_output_sample01/subsampled_reads/sample_04.fastq --out-dir /var/folders/zg/vq0dnx517c54hg87dyqjky740000gn/T/.tmpd0TCIs/30-contigger --config /opt/miniconda3/envs/autocycler/lib/python3.12/site-packages/flye/config/bin_cfg/asm_nano_hq.cfg --repeat-graph /var/folders/zg/vq0dnx517c54hg87dyqjky740000gn/T/.tmpd0TCIs/20-repeat/repeat_graph_dump --graph-aln /var/folders/zg/vq0dnx517c54hg87dyqjky740000gn/T/.tmpd0TCIs/20-repeat/read_alignment_dump --log /var/folders/zg/vq0dnx517c54hg87dyqjky740000gn/T/.tmpd0TCIs/flye.log --threads 10 --min-ovlp 2000
[2026-01-24 12:20:36] DEBUG: Build date: May  4 2025 23:20:18
[2026-01-24 12:20:36] DEBUG: Total RAM: 24 Gb
[2026-01-24 12:20:36] DEBUG: Available RAM: 0 Gb
[2026-01-24 12:20:36] DEBUG: Total CPUs: 10
[2026-01-24 12:20:36] DEBUG: Loading /opt/miniconda3/envs/autocycler/lib/python3.12/site-packages/flye/config/bin_cfg/asm_nano_hq.cfg
[2026-01-24 12:20:36] DEBUG: Loading /opt/miniconda3/envs/autocycler/lib/python3.12/site-packages/flye/config/bin_cfg/asm_defaults.cfg
[2026-01-24 12:20:36] DEBUG: 	big_genome_threshold=29000000
[2026-01-24 12:20:36] DEBUG: 	meta_read_filter_kmer_freq=100
[2026-01-24 12:20:36] DEBUG: 	chain_large_gap_penalty=2
[2026-01-24 12:20:36] DEBUG: 	chain_small_gap_penalty=0.5
[2026-01-24 12:20:36] DEBUG: 	chain_gap_jump_threshold=100
[2026-01-24 12:20:36] DEBUG: 	max_jump_gap=500
[2026-01-24 12:20:36] DEBUG: 	max_coverage_drop_rate=5
[2026-01-24 12:20:36] DEBUG: 	max_extensions_drop_rate=5
[2026-01-24 12:20:36] DEBUG: 	chimera_window=100
[2026-01-24 12:20:36] DEBUG: 	chimera_overhang=1000
[2026-01-24 12:20:36] DEBUG: 	min_reads_in_disjointig=4
[2026-01-24 12:20:36] DEBUG: 	max_inner_reads=10
[2026-01-24 12:20:36] DEBUG: 	max_inner_fraction=0.25
[2026-01-24 12:20:36] DEBUG: 	aggressive_dup_filter=1
[2026-01-24 12:20:36] DEBUG: 	max_separation=500
[2026-01-24 12:20:36] DEBUG: 	unique_edge_length=50000
[2026-01-24 12:20:36] DEBUG: 	min_repeat_res_support=0.51
[2026-01-24 12:20:36] DEBUG: 	out_paths_ratio=5
[2026-01-24 12:20:36] DEBUG: 	graph_cov_drop_rate=5
[2026-01-24 12:20:36] DEBUG: 	coverage_estimate_window=100
[2026-01-24 12:20:36] DEBUG: 	max_bubble_length=50000
[2026-01-24 12:20:36] DEBUG: 	loop_coverage_rate=1.5
[2026-01-24 12:20:36] DEBUG: 	repeat_edge_cov_mult=1.75
[2026-01-24 12:20:36] DEBUG: 	weak_detach_rate=5
[2026-01-24 12:20:36] DEBUG: 	tip_coverage_rate=2
[2026-01-24 12:20:36] DEBUG: 	tip_length_rate=2
[2026-01-24 12:20:36] DEBUG: 	output_gfa_before_rr=1
[2026-01-24 12:20:36] DEBUG: 	remove_alt_edges=0
[2026-01-24 12:20:36] DEBUG: 	low_cutoff_warning=0
[2026-01-24 12:20:36] DEBUG: 	kmer_size=17
[2026-01-24 12:20:36] DEBUG: 	use_minimizers=1
[2026-01-24 12:20:36] DEBUG: 	minimizer_window=10
[2026-01-24 12:20:36] DEBUG: 	reads_base_alignment=1
[2026-01-24 12:20:36] DEBUG: 	meta_read_top_kmer_rate=0.75
[2026-01-24 12:20:36] DEBUG: 	maximum_jump=1500
[2026-01-24 12:20:36] DEBUG: 	maximum_overhang=1500
[2026-01-24 12:20:36] DEBUG: 	repeat_kmer_rate=100
[2026-01-24 12:20:36] DEBUG: 	assemble_ovlp_divergence=0.03
[2026-01-24 12:20:36] DEBUG: 	assemble_divergence_relative=1
[2026-01-24 12:20:36] DEBUG: 	repeat_graph_ovlp_divergence=0.03
[2026-01-24 12:20:36] DEBUG: 	read_align_ovlp_divergence=0.10
[2026-01-24 12:20:36] DEBUG: 	hpc_scoring_on=1
[2026-01-24 12:20:36] DEBUG: 	add_unassembled_reads=0
[2026-01-24 12:20:36] DEBUG: 	extend_contigs_with_repeats=0
[2026-01-24 12:20:36] DEBUG: 	min_read_cov_cutoff=3
[2026-01-24 12:20:36] DEBUG: 	short_tip_length=20000
[2026-01-24 12:20:36] DEBUG: 	long_tip_length=100000
[2026-01-24 12:20:36] DEBUG: Running with k-mer size: 17
[2026-01-24 12:20:36] DEBUG: Selected minimum overlap 2000
[2026-01-24 12:20:36] INFO: Reading sequences
[2026-01-24 12:20:36] DEBUG: Building positional index
[2026-01-24 12:20:36] DEBUG: Total sequence: 114067688 bp
[2026-01-24 12:20:36] DEBUG: Flipped 0
[2026-01-24 12:20:36] DEBUG: UPath 1: 19 -> 4
[2026-01-24 12:20:36] DEBUG: UPath 2: -23 -> -22 -> 25 -> -7 -> 29 -> 5
[2026-01-24 12:20:36] DEBUG: UPath 3: 28 -> -15 -> 24 -> 20 -> 21 -> 26 -> 14 -> -27 -> 13
[2026-01-24 12:20:36] DEBUG: Final graph contains 3 egdes
[2026-01-24 12:20:36] DEBUG: Extending contigs into repeats
[2026-01-24 12:20:36] DEBUG: Covered 0 repetitive contigs
[2026-01-24 12:20:36] INFO: Generated 3 contigs
[2026-01-24 12:20:36] DEBUG: Writing FASTA
[2026-01-24 12:20:36] DEBUG: Generating scaffold connections
[2026-01-24 12:20:36] INFO: Added 0 scaffold connections
[2026-01-24 12:20:36] DEBUG: Writing Dot
[2026-01-24 12:20:36] DEBUG: Writing FASTA
[2026-01-24 12:20:36] DEBUG: Writing Gfa
[2026-01-24 12:20:36] DEBUG: Peak RAM usage: 0 Gb
-----------End assembly log------------
[2026-01-24 12:20:36] root: INFO: >>>STAGE: polishing
[2026-01-24 12:20:36] root: INFO: Polishing genome (1/1)
[2026-01-24 12:20:36] root: INFO: Running minimap2
[2026-01-24 12:20:41] root: INFO: Separating alignment into bubbles
[2026-01-24 12:21:00] root: DEBUG: Generated 189855 bubbles
[2026-01-24 12:21:00] root: DEBUG: Split 0 long bubbles
[2026-01-24 12:21:00] root: DEBUG: Skipped 0 empty bubbles
[2026-01-24 12:21:00] root: DEBUG: Skipped 0 bubbles with long branches
[2026-01-24 12:21:00] root: INFO: Alignment error rate: 0.035687
[2026-01-24 12:21:00] root: INFO: Correcting bubbles
[2026-01-24 12:21:11] root: DEBUG: Mean contig coverage: 38, selected threshold: 8
[2026-01-24 12:21:11] root: DEBUG: Filtered 0 contigs of total length 0
[2026-01-24 12:21:11] root: DEBUG: Generating polished GFA
[2026-01-24 12:21:12] root: DEBUG: 0 sequences remained unpolished
[2026-01-24 12:21:12] root: INFO: >>>STAGE: finalize
[2026-01-24 12:21:12] root: DEBUG: ---Output dir contents:----
[2026-01-24 12:21:12] root: DEBUG: .tmpd0TCIs/
[2026-01-24 12:21:12] root: DEBUG:     2.0 M       assembly_graph.gfa
[2026-01-24 12:21:12] root: DEBUG:     92.0 B      params.json
[2026-01-24 12:21:12] root: DEBUG:     421.0 B     assembly_graph.gv
[2026-01-24 12:21:12] root: DEBUG:     36.0 K      flye.log
[2026-01-24 12:21:12] root: DEBUG:     2.0 M       assembly.fasta
[2026-01-24 12:21:12] root: DEBUG:     00-assembly/
[2026-01-24 12:21:12] root: DEBUG:         95.0 B      draft_assembly.fasta.fai
[2026-01-24 12:21:12] root: DEBUG:         2.0 M       draft_assembly.fasta
[2026-01-24 12:21:12] root: DEBUG:     40-polishing/
[2026-01-24 12:21:12] root: DEBUG:         2.0 M       filtered_contigs.fasta
[2026-01-24 12:21:12] root: DEBUG:         1019.0 K    base_coverage.bed.gz
[2026-01-24 12:21:12] root: DEBUG:         83.0 B      contigs_stats.txt
[2026-01-24 12:21:12] root: DEBUG:         931.0 B     minimap.stderr
[2026-01-24 12:21:12] root: DEBUG:         24.0 K      minimap_1.bam.csi
[2026-01-24 12:21:12] root: DEBUG:         83.0 B      filtered_stats.txt
[2026-01-24 12:21:12] root: DEBUG:         82.0 B      filtered_contigs.fasta.fai
[2026-01-24 12:21:12] root: DEBUG:         2.0 M       polished_edges.gfa
[2026-01-24 12:21:12] root: DEBUG:         131.0 B     edges_aln.bam.csi
[2026-01-24 12:21:12] root: DEBUG:     20-repeat/
[2026-01-24 12:21:12] root: DEBUG:         2.0 M       graph_before_rr.gfa
[2026-01-24 12:21:12] root: DEBUG:         2.0 M       read_alignment_dump
[2026-01-24 12:21:12] root: DEBUG:         4.0 K       repeat_graph_dump
[2026-01-24 12:21:12] root: DEBUG:         2.0 M       graph_before_rr.fasta
[2026-01-24 12:21:12] root: DEBUG:         1.0 K       graph_before_rr.gv
[2026-01-24 12:21:12] root: DEBUG:         2.0 M       repeat_graph_edges.fasta
[2026-01-24 12:21:12] root: DEBUG:         2.0 K       graph_after_rr.gv
[2026-01-24 12:21:12] root: DEBUG:     30-contigger/
[2026-01-24 12:21:12] root: DEBUG:         2.0 M       graph_final.fasta
[2026-01-24 12:21:12] root: DEBUG:         2.0 M       contigs.fasta
[2026-01-24 12:21:12] root: DEBUG:         179.0 B     contigs_stats.txt
[2026-01-24 12:21:12] root: DEBUG:         0.0 B       scaffolds_links.txt
[2026-01-24 12:21:12] root: DEBUG:         82.0 B      contigs.fasta.fai
[2026-01-24 12:21:12] root: DEBUG:         421.0 B     graph_final.gv
[2026-01-24 12:21:12] root: DEBUG:         2.0 M       graph_final.gfa
[2026-01-24 12:21:12] root: DEBUG:     10-consensus/
[2026-01-24 12:21:12] root: DEBUG:         3.0 M       consensus.fasta
[2026-01-24 12:21:12] root: DEBUG:         1016.0 B    minimap.stderr
[2026-01-24 12:21:12] root: DEBUG:         25.0 K      minimap.bam.csi
[2026-01-24 12:21:12] root: DEBUG: --------------------------
[2026-01-24 12:21:12] root: INFO: Assembly statistics:

	Total length:	2960090
	Fragments:	3
	Fragments N50:	2802240
	Largest frg:	2802240
	Scaffolds:	0
	Mean coverage:	38

[2026-01-24 12:21:12] root: INFO: Final assembly: /var/folders/zg/vq0dnx517c54hg87dyqjky740000gn/T/.tmpd0TCIs/assembly.fasta
