[2026-01-24 12:16:45] root: INFO: Starting Flye 2.9.6-b1802
[2026-01-24 12:16:45] root: DEBUG: Cmd: /opt/miniconda3/envs/autocycler/bin/flye --nano-hq sample01_autocycler/porechop_output_sample01/subsampled_reads/sample_03.fastq --threads 10 --out-dir /var/folders/zg/vq0dnx517c54hg87dyqjky740000gn/T/.tmpQRyjbK
[2026-01-24 12:16:45] root: DEBUG: Python version: 3.12.12 | packaged by conda-forge | (main, Oct 22 2025, 23:34:53) [Clang 19.1.7 ]
[2026-01-24 12:16:45] root: INFO: >>>STAGE: configure
[2026-01-24 12:16:45] root: INFO: Configuring run
[2026-01-24 12:16:45] root: INFO: Total read length: 114509642
[2026-01-24 12:16:45] root: INFO: Reads N50/N90: 20907 / 2106
[2026-01-24 12:16:45] root: INFO: Minimum overlap set to 2000
[2026-01-24 12:16:45] root: INFO: >>>STAGE: assembly
[2026-01-24 12:16:45] root: INFO: Assembling disjointigs
[2026-01-24 12:16:45] root: DEBUG: -----Begin assembly log------
[2026-01-24 12:16:45] root: DEBUG: Running: flye-modules assemble --reads /Users/mschul/Downloads/sample01/sample01_autocycler/porechop_output_sample01/subsampled_reads/sample_03.fastq --out-asm /var/folders/zg/vq0dnx517c54hg87dyqjky740000gn/T/.tmpQRyjbK/00-assembly/draft_assembly.fasta --config /opt/miniconda3/envs/autocycler/lib/python3.12/site-packages/flye/config/bin_cfg/asm_nano_hq.cfg --log /var/folders/zg/vq0dnx517c54hg87dyqjky740000gn/T/.tmpQRyjbK/flye.log --threads 10 --min-ovlp 2000
[2026-01-24 12:16:45] DEBUG: Build date: May  4 2025 23:20:07
[2026-01-24 12:16:45] DEBUG: Total RAM: 24 Gb
[2026-01-24 12:16:45] DEBUG: Available RAM: 0 Gb
[2026-01-24 12:16:45] DEBUG: Total CPUs: 10
[2026-01-24 12:16:45] DEBUG: Loading /opt/miniconda3/envs/autocycler/lib/python3.12/site-packages/flye/config/bin_cfg/asm_nano_hq.cfg
[2026-01-24 12:16:45] DEBUG: Loading /opt/miniconda3/envs/autocycler/lib/python3.12/site-packages/flye/config/bin_cfg/asm_defaults.cfg
[2026-01-24 12:16:45] DEBUG: 	big_genome_threshold=29000000
[2026-01-24 12:16:45] DEBUG: 	meta_read_filter_kmer_freq=100
[2026-01-24 12:16:45] DEBUG: 	chain_large_gap_penalty=2
[2026-01-24 12:16:45] DEBUG: 	chain_small_gap_penalty=0.5
[2026-01-24 12:16:45] DEBUG: 	chain_gap_jump_threshold=100
[2026-01-24 12:16:45] DEBUG: 	max_jump_gap=500
[2026-01-24 12:16:45] DEBUG: 	max_coverage_drop_rate=5
[2026-01-24 12:16:45] DEBUG: 	max_extensions_drop_rate=5
[2026-01-24 12:16:45] DEBUG: 	chimera_window=100
[2026-01-24 12:16:45] DEBUG: 	chimera_overhang=1000
[2026-01-24 12:16:45] DEBUG: 	min_reads_in_disjointig=4
[2026-01-24 12:16:45] DEBUG: 	max_inner_reads=10
[2026-01-24 12:16:45] DEBUG: 	max_inner_fraction=0.25
[2026-01-24 12:16:45] DEBUG: 	aggressive_dup_filter=1
[2026-01-24 12:16:45] DEBUG: 	max_separation=500
[2026-01-24 12:16:45] DEBUG: 	unique_edge_length=50000
[2026-01-24 12:16:45] DEBUG: 	min_repeat_res_support=0.51
[2026-01-24 12:16:45] DEBUG: 	out_paths_ratio=5
[2026-01-24 12:16:45] DEBUG: 	graph_cov_drop_rate=5
[2026-01-24 12:16:45] DEBUG: 	coverage_estimate_window=100
[2026-01-24 12:16:45] DEBUG: 	max_bubble_length=50000
[2026-01-24 12:16:45] DEBUG: 	loop_coverage_rate=1.5
[2026-01-24 12:16:45] DEBUG: 	repeat_edge_cov_mult=1.75
[2026-01-24 12:16:45] DEBUG: 	weak_detach_rate=5
[2026-01-24 12:16:45] DEBUG: 	tip_coverage_rate=2
[2026-01-24 12:16:45] DEBUG: 	tip_length_rate=2
[2026-01-24 12:16:45] DEBUG: 	output_gfa_before_rr=1
[2026-01-24 12:16:45] DEBUG: 	remove_alt_edges=0
[2026-01-24 12:16:45] DEBUG: 	low_cutoff_warning=0
[2026-01-24 12:16:45] DEBUG: 	kmer_size=17
[2026-01-24 12:16:45] DEBUG: 	use_minimizers=1
[2026-01-24 12:16:45] DEBUG: 	minimizer_window=10
[2026-01-24 12:16:45] DEBUG: 	reads_base_alignment=1
[2026-01-24 12:16:45] DEBUG: 	meta_read_top_kmer_rate=0.75
[2026-01-24 12:16:45] DEBUG: 	maximum_jump=1500
[2026-01-24 12:16:45] DEBUG: 	maximum_overhang=1500
[2026-01-24 12:16:45] DEBUG: 	repeat_kmer_rate=100
[2026-01-24 12:16:45] DEBUG: 	assemble_ovlp_divergence=0.03
[2026-01-24 12:16:45] DEBUG: 	assemble_divergence_relative=1
[2026-01-24 12:16:45] DEBUG: 	repeat_graph_ovlp_divergence=0.03
[2026-01-24 12:16:45] DEBUG: 	read_align_ovlp_divergence=0.10
[2026-01-24 12:16:45] DEBUG: 	hpc_scoring_on=1
[2026-01-24 12:16:45] DEBUG: 	add_unassembled_reads=0
[2026-01-24 12:16:45] DEBUG: 	extend_contigs_with_repeats=0
[2026-01-24 12:16:45] DEBUG: 	min_read_cov_cutoff=3
[2026-01-24 12:16:45] DEBUG: 	short_tip_length=20000
[2026-01-24 12:16:45] DEBUG: 	long_tip_length=100000
[2026-01-24 12:16:45] DEBUG: Running with k-mer size: 17
[2026-01-24 12:16:45] DEBUG: Running with minimum overlap 2000
[2026-01-24 12:16:45] DEBUG: Metagenome mode: N
[2026-01-24 12:16:45] DEBUG: Short mode: N
[2026-01-24 12:16:45] INFO: Reading sequences
[2026-01-24 12:16:46] DEBUG: Building positional index
[2026-01-24 12:16:46] DEBUG: Total sequence: 103697670 bp
[2026-01-24 12:16:46] INFO: Building minimizer index
[2026-01-24 12:16:46] INFO: Pre-calculating index storage
[2026-01-24 12:16:46] DEBUG: Mean k-mer frequency: 4.15589
[2026-01-24 12:16:46] DEBUG: Repetitive k-mer frequency: 415
[2026-01-24 12:16:46] DEBUG: Filtered 9254 repetitive k-mers (0.000491572)
[2026-01-24 12:16:47] INFO: Filling index
[2026-01-24 12:16:47] DEBUG: Sorting k-mer index
[2026-01-24 12:16:47] DEBUG: Selected k-mers: 4529783
[2026-01-24 12:16:47] DEBUG: K-mer index size: 18816077
[2026-01-24 12:16:47] DEBUG: Mean k-mer frequency: 4.15386
[2026-01-24 12:16:47] DEBUG: Minimizer rate: 5.51112
[2026-01-24 12:16:47] DEBUG: Peak RAM usage: 0 Gb
[2026-01-24 12:16:47] DEBUG: Estimating k-mer identity bias
[2026-01-24 12:16:50] DEBUG: Initial divergence estimate : 0.0444935
[2026-01-24 12:16:50] DEBUG: Relative threshold: Y
[2026-01-24 12:16:50] DEBUG: Max divergence threshold set to 0.0744935
[2026-01-24 12:16:50] INFO: Extending reads
[2026-01-24 12:16:50] DEBUG: Estimating overlap coverage
[2026-01-24 12:17:08] INFO: Overlap-based coverage: 25
[2026-01-24 12:17:08] INFO: Median overlap divergence: 0.045858
[2026-01-24 12:17:08] DEBUG: Sequence divergence distribution: 

    |      **      |                                                                                     
    |      ***     |                                                                                     
    |      ***     |                                                                                     
    |      ***     |                                                                                     
    |     ****     |                                                                                     
    |     ****     |                                                                                     
    |     ******   |                                                                                     
    |     ******   |                                                                                     
    |     ******   |                                                                                     
    |     ******   |                                                                                     
    |     ******   |                                                                                     
    |     *******  |                                                                                     
    |    ********* |                                                                                     
    |    **********|                                                                                     
    |    ***********                                                                                     
    |    *************                                                                                   
    |    ************** **                                                                               
    |    *******************                                                                             
    |   ********************* *                                                                          
    |  ******************************* *     *   * *                                                     
    ----------------------------------------------------------------------------------------------------
    0%        5%        10%       15%       20%       25%       30%       35%       40%       45%       

    Q25 = 0.034, Q50 = 0.046, Q75 = 0.066

[2026-01-24 12:17:11] DEBUG: Assembled disjointig 1
	With 21 reads
	Start read: +34166bd6-642a-4fbc-8582-e16ef52a4232
	At position: 15
	leftTip: 0 rightTip: 0
	Suspicious: 0
	Short ext: 0
	Mean extensions: 33
	Avg overlap len: 39473
	Min overlap len: 3816
	Inner reads: 0
	Length: 187824
[2026-01-24 12:17:11] DEBUG: Inner: 872 covered: 918 total: 17782
[2026-01-24 12:17:16] DEBUG: Assembled disjointig 2
	With 267 reads
	Start read: +33f43348-93c8-463c-9d9e-d4f6c4579679
	At position: 263
	leftTip: 0 rightTip: 0
	Suspicious: 0
	Short ext: 0
	Mean extensions: 21
	Avg overlap len: 33855
	Min overlap len: 2798
	Inner reads: 0
	Length: 2880451
[2026-01-24 12:17:16] DEBUG: Inner: 14506 covered: 15058 total: 17782
[2026-01-24 12:17:16] DEBUG: Discarded disjointig with 266 reads and 263 inner overlaps
[2026-01-24 12:17:16] DEBUG: Discarded disjointig with 260 reads and 258 inner overlaps
[2026-01-24 12:17:17] DEBUG: Discarded disjointig with 262 reads and 260 inner overlaps
[2026-01-24 12:17:17] DEBUG: Discarded disjointig with 122 reads and 120 inner overlaps
[2026-01-24 12:17:17] DEBUG: Discarded disjointig with 232 reads and 229 inner overlaps
[2026-01-24 12:17:17] DEBUG: Discarded disjointig with 195 reads and 193 inner overlaps
[2026-01-24 12:17:17] DEBUG: Discarded disjointig with 260 reads and 258 inner overlaps
[2026-01-24 12:17:17] DEBUG: Discarded disjointig with 208 reads and 206 inner overlaps
[2026-01-24 12:17:17] DEBUG: Discarded disjointig with 261 reads and 259 inner overlaps
[2026-01-24 12:17:17] DEBUG: Assembled disjointig 3
	With 9 reads
	Start read: +0bd940be-876c-45d6-987d-b5d5b376e8d7
	At position: 5
	leftTip: 1 rightTip: 0
	Suspicious: 0
	Short ext: 0
	Mean extensions: 15
	Avg overlap len: 16969
	Min overlap len: 3112
	Inner reads: 0
	Length: 65967
[2026-01-24 12:17:17] DEBUG: Inner: 14746 covered: 15438 total: 17782
[2026-01-24 12:17:17] DEBUG: Discarded disjointig with 8 reads and 6 inner overlaps
[2026-01-24 12:17:17] DEBUG: Discarded disjointig with 3 reads and 1 inner overlaps
[2026-01-24 12:17:17] DEBUG: Discarded disjointig with 11 reads and 8 inner overlaps
[2026-01-24 12:17:17] DEBUG: Discarded disjointig with 9 reads and 7 inner overlaps
[2026-01-24 12:17:22] INFO: Assembled 3 disjointigs
[2026-01-24 12:17:22] INFO: Generating sequence
[2026-01-24 12:17:22] DEBUG: Building positional index
[2026-01-24 12:17:22] DEBUG: Total sequence: 3134246 bp
[2026-01-24 12:17:22] DEBUG: Mean k-mer frequency: 1.06034
[2026-01-24 12:17:22] DEBUG: Repetitive k-mer frequency: 106
[2026-01-24 12:17:22] DEBUG: Filtered 0 repetitive k-mers (0)
[2026-01-24 12:17:22] DEBUG: Sorting k-mer index
[2026-01-24 12:17:22] DEBUG: Selected k-mers: 537143
[2026-01-24 12:17:22] DEBUG: K-mer index size: 569555
[2026-01-24 12:17:22] DEBUG: Mean k-mer frequency: 1.06034
[2026-01-24 12:17:22] DEBUG: Minimizer rate: 5.50297
[2026-01-24 12:17:22] INFO: Filtering contained disjointigs
[2026-01-24 12:17:22] DEBUG: Computing transitive closure for overlaps
[2026-01-24 12:17:22] DEBUG: Found 12 overlaps
[2026-01-24 12:17:22] DEBUG: Left 12 overlaps after filtering
[2026-01-24 12:17:22] INFO: Contained seqs: 0
[2026-01-24 12:17:22] DEBUG: Writing FASTA
[2026-01-24 12:17:22] DEBUG: Peak RAM usage: 0 Gb
-----------End assembly log------------
[2026-01-24 12:17:22] root: DEBUG: Disjointigs length: 3134246, N50: 2880440
[2026-01-24 12:17:22] root: INFO: >>>STAGE: consensus
[2026-01-24 12:17:22] root: INFO: Running Minimap2
[2026-01-24 12:18:39] root: INFO: Computing consensus
[2026-01-24 12:18:56] root: INFO: Alignment error rate: 0.055488
[2026-01-24 12:18:56] root: INFO: >>>STAGE: repeat
[2026-01-24 12:18:56] root: INFO: Building and resolving repeat graph
[2026-01-24 12:18:56] root: DEBUG: -----Begin repeat analyser log------
[2026-01-24 12:18:56] root: DEBUG: Running: flye-modules repeat --disjointigs /var/folders/zg/vq0dnx517c54hg87dyqjky740000gn/T/.tmpQRyjbK/10-consensus/consensus.fasta --reads /Users/mschul/Downloads/sample01/sample01_autocycler/porechop_output_sample01/subsampled_reads/sample_03.fastq --out-dir /var/folders/zg/vq0dnx517c54hg87dyqjky740000gn/T/.tmpQRyjbK/20-repeat --config /opt/miniconda3/envs/autocycler/lib/python3.12/site-packages/flye/config/bin_cfg/asm_nano_hq.cfg --log /var/folders/zg/vq0dnx517c54hg87dyqjky740000gn/T/.tmpQRyjbK/flye.log --threads 10 --min-ovlp 2000
[2026-01-24 12:18:56] DEBUG: Build date: May  4 2025 23:20:12
[2026-01-24 12:18:56] DEBUG: Total RAM: 24 Gb
[2026-01-24 12:18:56] DEBUG: Available RAM: 0 Gb
[2026-01-24 12:18:56] DEBUG: Total CPUs: 10
[2026-01-24 12:18:56] DEBUG: Loading /opt/miniconda3/envs/autocycler/lib/python3.12/site-packages/flye/config/bin_cfg/asm_nano_hq.cfg
[2026-01-24 12:18:56] DEBUG: Loading /opt/miniconda3/envs/autocycler/lib/python3.12/site-packages/flye/config/bin_cfg/asm_defaults.cfg
[2026-01-24 12:18:56] DEBUG: 	big_genome_threshold=29000000
[2026-01-24 12:18:56] DEBUG: 	meta_read_filter_kmer_freq=100
[2026-01-24 12:18:56] DEBUG: 	chain_large_gap_penalty=2
[2026-01-24 12:18:56] DEBUG: 	chain_small_gap_penalty=0.5
[2026-01-24 12:18:56] DEBUG: 	chain_gap_jump_threshold=100
[2026-01-24 12:18:56] DEBUG: 	max_jump_gap=500
[2026-01-24 12:18:56] DEBUG: 	max_coverage_drop_rate=5
[2026-01-24 12:18:56] DEBUG: 	max_extensions_drop_rate=5
[2026-01-24 12:18:56] DEBUG: 	chimera_window=100
[2026-01-24 12:18:56] DEBUG: 	chimera_overhang=1000
[2026-01-24 12:18:56] DEBUG: 	min_reads_in_disjointig=4
[2026-01-24 12:18:56] DEBUG: 	max_inner_reads=10
[2026-01-24 12:18:56] DEBUG: 	max_inner_fraction=0.25
[2026-01-24 12:18:56] DEBUG: 	aggressive_dup_filter=1
[2026-01-24 12:18:56] DEBUG: 	max_separation=500
[2026-01-24 12:18:56] DEBUG: 	unique_edge_length=50000
[2026-01-24 12:18:56] DEBUG: 	min_repeat_res_support=0.51
[2026-01-24 12:18:56] DEBUG: 	out_paths_ratio=5
[2026-01-24 12:18:56] DEBUG: 	graph_cov_drop_rate=5
[2026-01-24 12:18:56] DEBUG: 	coverage_estimate_window=100
[2026-01-24 12:18:56] DEBUG: 	max_bubble_length=50000
[2026-01-24 12:18:56] DEBUG: 	loop_coverage_rate=1.5
[2026-01-24 12:18:56] DEBUG: 	repeat_edge_cov_mult=1.75
[2026-01-24 12:18:56] DEBUG: 	weak_detach_rate=5
[2026-01-24 12:18:56] DEBUG: 	tip_coverage_rate=2
[2026-01-24 12:18:56] DEBUG: 	tip_length_rate=2
[2026-01-24 12:18:56] DEBUG: 	output_gfa_before_rr=1
[2026-01-24 12:18:56] DEBUG: 	remove_alt_edges=0
[2026-01-24 12:18:56] DEBUG: 	low_cutoff_warning=0
[2026-01-24 12:18:56] DEBUG: 	kmer_size=17
[2026-01-24 12:18:56] DEBUG: 	use_minimizers=1
[2026-01-24 12:18:56] DEBUG: 	minimizer_window=10
[2026-01-24 12:18:56] DEBUG: 	reads_base_alignment=1
[2026-01-24 12:18:56] DEBUG: 	meta_read_top_kmer_rate=0.75
[2026-01-24 12:18:56] DEBUG: 	maximum_jump=1500
[2026-01-24 12:18:56] DEBUG: 	maximum_overhang=1500
[2026-01-24 12:18:56] DEBUG: 	repeat_kmer_rate=100
[2026-01-24 12:18:56] DEBUG: 	assemble_ovlp_divergence=0.03
[2026-01-24 12:18:56] DEBUG: 	assemble_divergence_relative=1
[2026-01-24 12:18:56] DEBUG: 	repeat_graph_ovlp_divergence=0.03
[2026-01-24 12:18:56] DEBUG: 	read_align_ovlp_divergence=0.10
[2026-01-24 12:18:56] DEBUG: 	hpc_scoring_on=1
[2026-01-24 12:18:56] DEBUG: 	add_unassembled_reads=0
[2026-01-24 12:18:56] DEBUG: 	extend_contigs_with_repeats=0
[2026-01-24 12:18:56] DEBUG: 	min_read_cov_cutoff=3
[2026-01-24 12:18:56] DEBUG: 	short_tip_length=20000
[2026-01-24 12:18:56] DEBUG: 	long_tip_length=100000
[2026-01-24 12:18:56] DEBUG: Running with k-mer size: 17
[2026-01-24 12:18:56] DEBUG: Selected minimum overlap 2000
[2026-01-24 12:18:56] DEBUG: Metagenome mode: N
[2026-01-24 12:18:56] INFO: Parsing disjointigs
[2026-01-24 12:18:56] DEBUG: Building positional index
[2026-01-24 12:18:56] DEBUG: Total sequence: 3143359 bp
[2026-01-24 12:18:56] INFO: Building repeat graph
[2026-01-24 12:18:56] DEBUG: Mean k-mer frequency: 1.07585
[2026-01-24 12:18:56] DEBUG: Repetitive k-mer frequency: 107
[2026-01-24 12:18:56] DEBUG: Filtered 0 repetitive k-mers (0)
[2026-01-24 12:18:56] DEBUG: Sorting k-mer index
[2026-01-24 12:18:56] DEBUG: Selected k-mers: 531022
[2026-01-24 12:18:56] DEBUG: K-mer index size: 571299
[2026-01-24 12:18:56] DEBUG: Mean k-mer frequency: 1.07585
[2026-01-24 12:18:56] DEBUG: Minimizer rate: 5.50213
[2026-01-24 12:18:56] DEBUG: Computing transitive closure for overlaps
[2026-01-24 12:18:56] DEBUG: Found 104 overlaps
[2026-01-24 12:18:56] DEBUG: Left 44 overlaps after filtering
[2026-01-24 12:18:56] INFO: Median overlap divergence: 0.00868038
[2026-01-24 12:18:56] DEBUG: Sequence divergence distribution: 

    |*     |                                                                                             
    |*     |                                                                                             
    |*     |                                                                                             
    |*     |                                                                                             
    |*     |                                                                                             
    |*     |                                                                                             
    |**    |                                                                                             
    |**    |                                                                                             
    |**    |                                                                                             
    |**    |                                                                                             
    |**    |                                                                                             
    |**    |                                                                                             
    |**    |                                                                                             
    |*** * |                                                                                             
    |*** * |                                                                                             
    |*** * |                                                                                             
    |*** * | *   *                                                                                       
    |*** * | *   *                                                                                       
    |*** * | *   *                                                                                       
    |*** * | *   *                                                                                       
    ----------------------------------------------------------------------------------------------------
    0%        5%        10%       15%       20%       25%       30%       35%       40%       45%       

    Q25 = 0.0029, Q50 = 0.0087, Q75 = 0.022

[2026-01-24 12:18:56] DEBUG: Computing gluepoints
[2026-01-24 12:18:56] DEBUG: Added 0 gluepoint projections
[2026-01-24 12:18:56] DEBUG: Created 56 gluepoints
[2026-01-24 12:18:56] DEBUG: Artificial loops removed: 0 left, 0 right, 0 both
[2026-01-24 12:18:56] DEBUG: Initializing edges
[2026-01-24 12:18:56] DEBUG: Edges length checksum: 27865636924
[2026-01-24 12:18:56] DEBUG: Filtered 0 singleton segments
[2026-01-24 12:18:56] DEBUG: Removed 0 simple and 0 double chimeric junctions
[2026-01-24 12:18:56] DEBUG: Collapsed 4 edges
[2026-01-24 12:18:56] DEBUG:  	2	+disjointig_1	45916	49845	3929	
[2026-01-24 12:18:56] DEBUG: *	-17	+disjointig_1	49845	97966	48121	
[2026-01-24 12:18:56] DEBUG:  	2	+disjointig_1	97966	101896	3930	
[2026-01-24 12:18:56] DEBUG: *	16	+disjointig_1	101896	160767	58871	
[2026-01-24 12:18:56] DEBUG:  	2	+disjointig_1	160767	164697	3930	
[2026-01-24 12:18:56] DEBUG: *	19	+disjointig_2	87809	306581	218772	
[2026-01-24 12:18:56] DEBUG:  	9	+disjointig_2	306581	312001	5420	
[2026-01-24 12:18:56] DEBUG: *	12	+disjointig_2	312001	1784450	1472449	
[2026-01-24 12:18:56] DEBUG:  	-9	+disjointig_2	1784450	1789734	5284	
[2026-01-24 12:18:56] DEBUG: *	11	+disjointig_2	1789734	2424919	635185	
[2026-01-24 12:18:56] DEBUG:  	-13	+disjointig_2	2424919	2425615	696	
[2026-01-24 12:18:56] DEBUG:  	-9	+disjointig_2	2425615	2430933	5318	
[2026-01-24 12:18:56] DEBUG: *	10	+disjointig_2	2430933	2689987	259054	
[2026-01-24 12:18:56] DEBUG:  	9	+disjointig_2	2689987	2695307	5320	
[2026-01-24 12:18:56] DEBUG:  	13	+disjointig_2	2695307	2696080	773	
[2026-01-24 12:18:56] DEBUG: *	18	+disjointig_2	2696080	2889494	193414	
[2026-01-24 12:18:56] DEBUG: *	20	+disjointig_3	23255	66198	42943	
[2026-01-24 12:18:56] DEBUG: Total edges: 20
[2026-01-24 12:18:56] INFO: Parsing reads
[2026-01-24 12:18:56] DEBUG: Building positional index
[2026-01-24 12:18:56] DEBUG: Total sequence: 114509642 bp
[2026-01-24 12:18:56] DEBUG: Building positional index
[2026-01-24 12:18:56] DEBUG: Total sequence: 2963409 bp
[2026-01-24 12:18:56] INFO: Aligning reads to the graph
[2026-01-24 12:18:57] DEBUG: Mean k-mer frequency: 1.01884
[2026-01-24 12:18:57] DEBUG: Repetitive k-mer frequency: 101
[2026-01-24 12:18:57] DEBUG: Filtered 0 repetitive k-mers (0)
[2026-01-24 12:18:57] DEBUG: Sorting k-mer index
[2026-01-24 12:18:57] DEBUG: Selected k-mers: 528647
[2026-01-24 12:18:57] DEBUG: K-mer index size: 538608
[2026-01-24 12:18:57] DEBUG: Mean k-mer frequency: 1.01884
[2026-01-24 12:18:57] DEBUG: Minimizer rate: 5.50198
[2026-01-24 12:19:00] DEBUG: Total reads : 8891
[2026-01-24 12:19:00] DEBUG: Read with aligned parts : 8334
[2026-01-24 12:19:00] DEBUG: Aligned in one piece : 7922
[2026-01-24 12:19:00] INFO: Aligned read sequence: 98173391 / 103697670 (0.946727)
[2026-01-24 12:19:00] INFO: Median overlap divergence: 0.0222512
[2026-01-24 12:19:00] DEBUG: Sequence divergence distribution: 

    |   *                |                                                                               
    |   *                |                                                                               
    |   *                |                                                                               
    |  **                |                                                                               
    |  ***               |                                                                               
    |  ***               |                                                                               
    |  ***               |                                                                               
    |  ***               |                                                                               
    |  ***               |                                                                               
    |  ***               |                                                                               
    |  ****              |                                                                               
    |  ****              |                                                                               
    |  *****             |                                                                               
    |  *****             |                                                                               
    |  *****             |                                                                               
    | *******            |                                                                               
    | ********           |                                                                               
    | **********         |                                                                               
    | ************** *   |                                                                               
    |****************************** **** ** * **      ** * *       *      *    *                         
    ----------------------------------------------------------------------------------------------------
    0%        5%        10%       15%       20%       25%       30%       35%       40%       45%       

    Q25 = 0.016, Q50 = 0.022, Q75 = 0.035

[2026-01-24 12:19:00] INFO: Mean edge coverage: 33
[2026-01-24 12:19:00] DEBUG: 2	len:3929	cov:87	mult:2.63636
[2026-01-24 12:19:00] DEBUG: -2	len:3929	cov:87	mult:2.63636
[2026-01-24 12:19:00] DEBUG: 9	len:5335	cov:130	mult:3.93939
[2026-01-24 12:19:00] DEBUG: -9	len:5335	cov:130	mult:3.93939
[2026-01-24 12:19:00] DEBUG: 10	len:259054	cov:35	mult:1.06061
[2026-01-24 12:19:00] DEBUG: -10	len:259054	cov:35	mult:1.06061
[2026-01-24 12:19:00] DEBUG: 11	len:635185	cov:33	mult:1
[2026-01-24 12:19:00] DEBUG: -11	len:635185	cov:33	mult:1
[2026-01-24 12:19:00] DEBUG: 12	len:1472449	cov:31	mult:0.939394
[2026-01-24 12:19:00] DEBUG: -12	len:1472449	cov:31	mult:0.939394
[2026-01-24 12:19:00] DEBUG: 13	len:734	cov:69	mult:2.09091
[2026-01-24 12:19:00] DEBUG: -13	len:734	cov:69	mult:2.09091
[2026-01-24 12:19:00] DEBUG: 16	len:58871	cov:49	mult:1.48485
[2026-01-24 12:19:00] DEBUG: -16	len:58871	cov:49	mult:1.48485
[2026-01-24 12:19:00] DEBUG: 17	len:48121	cov:45	mult:1.36364
[2026-01-24 12:19:00] DEBUG: -17	len:48121	cov:45	mult:1.36364
[2026-01-24 12:19:00] DEBUG: 18	len:193414	cov:34	mult:1.0303
[2026-01-24 12:19:00] DEBUG: -18	len:193414	cov:34	mult:1.0303
[2026-01-24 12:19:00] DEBUG: 19	len:218772	cov:33	mult:1
[2026-01-24 12:19:00] DEBUG: -19	len:218772	cov:33	mult:1
[2026-01-24 12:19:00] DEBUG: 20	len:42943	cov:25	mult:0.757576
[2026-01-24 12:19:00] DEBUG: -20	len:42943	cov:25	mult:0.757576
[2026-01-24 12:19:00] DEBUG: Unique coverage threshold 78
[2026-01-24 12:19:00] INFO: Simplifying the graph
[2026-01-24 12:19:00] DEBUG: Read coverage cutoff: 7
[2026-01-24 12:19:00] DEBUG: [SIMPL] Removed 0 paths with low coverage
[2026-01-24 12:19:00] DEBUG: [SIMPL] Masked 0 heterozygous loops
[2026-01-24 12:19:00] DEBUG: [SIMPL] Masked 0 simple bubbles
[2026-01-24 12:19:00] DEBUG: Finding repeats
[2026-01-24 12:19:00] DEBUG: Read coverage cutoff: 7
[2026-01-24 12:19:00] DEBUG: High-cov: 2	3929	87
[2026-01-24 12:19:00] DEBUG: High-cov: 9	5335	130
[2026-01-24 12:19:00] DEBUG: Repeat detection iteration 1
[2026-01-24 12:19:00] DEBUG: Starting 13 aln:72
[2026-01-24 12:19:00] DEBUG: 	      18	num:33	flank:16916	span:5
[2026-01-24 12:19:00] DEBUG: 	      -11	num:34	flank:28125	span:6
[2026-01-24 12:19:00] DEBUG: Starting -13 aln:72
[2026-01-24 12:19:00] DEBUG: 	      -10	num:21	flank:10868	span:5294
[2026-01-24 12:19:00] DEBUG: 	      10	num:19	flank:24317	span:5217
[2026-01-24 12:19:00] DEBUG: Mult: 13	734	69	 (1,1)
[2026-01-24 12:19:00] DEBUG: Writing Dot
[2026-01-24 12:19:00] DEBUG: Writing FASTA
[2026-01-24 12:19:00] DEBUG: Writing Gfa
[2026-01-24 12:19:00] DEBUG: [SIMPL] == Iteration 1 ==
[2026-01-24 12:19:00] DEBUG: Splitting nodes
[2026-01-24 12:19:00] DEBUG: [SIMPL] Split 0 nodes
[2026-01-24 12:19:00] DEBUG: [SIMPL] Clipped 0 short and 0 long tips
[2026-01-24 12:19:00] DEBUG: [SIMPL] Masked 0 heterozygous loops
[2026-01-24 12:19:00] DEBUG: [SIMPL] Masked 0 simple bubbles
[2026-01-24 12:19:00] DEBUG: Finding repeats
[2026-01-24 12:19:00] DEBUG: Read coverage cutoff: 7
[2026-01-24 12:19:00] DEBUG: High-cov: 2	3929	87
[2026-01-24 12:19:00] DEBUG: High-cov: 9	5335	130
[2026-01-24 12:19:00] DEBUG: Repeat detection iteration 1
[2026-01-24 12:19:00] DEBUG: Starting 13 aln:72
[2026-01-24 12:19:00] DEBUG: 	      18	num:33	flank:16916	span:5
[2026-01-24 12:19:00] DEBUG: 	      -11	num:34	flank:28125	span:6
[2026-01-24 12:19:00] DEBUG: Starting -13 aln:72
[2026-01-24 12:19:00] DEBUG: 	      -10	num:21	flank:10868	span:5294
[2026-01-24 12:19:00] DEBUG: 	      10	num:19	flank:24317	span:5217
[2026-01-24 12:19:00] DEBUG: Mult: 13	734	69	 (1,1)
[2026-01-24 12:19:00] DEBUG: Total unique edges: 8
[2026-01-24 12:19:00] DEBUG: 	Connection 16	-17	28	1
[2026-01-24 12:19:00] DEBUG: 	Connection 12	11	22	1
[2026-01-24 12:19:00] DEBUG: 	Connection -17	16	25	1
[2026-01-24 12:19:00] DEBUG: 	Connection 19	12	19	1
[2026-01-24 12:19:00] DEBUG: 	Connection -18	-10	20	1
[2026-01-24 12:19:00] DEBUG: 	Connection -10	-11	19	1
[2026-01-24 12:19:00] DEBUG: [SIMPL] Resolved repeats: 6
[2026-01-24 12:19:00] DEBUG: RR links: 266
[2026-01-24 12:19:00] DEBUG: Unresolved: 0
[2026-01-24 12:19:00] DEBUG: Removed 0 simple and 0 double chimeric junctions
[2026-01-24 12:19:00] DEBUG: [SIMPL] == Iteration 2 ==
[2026-01-24 12:19:00] DEBUG: Splitting nodes
[2026-01-24 12:19:00] DEBUG: [SIMPL] Split 0 nodes
[2026-01-24 12:19:00] DEBUG: [SIMPL] Clipped 0 short and 0 long tips
[2026-01-24 12:19:00] DEBUG: [SIMPL] Masked 0 heterozygous loops
[2026-01-24 12:19:00] DEBUG: [SIMPL] Masked 0 simple bubbles
[2026-01-24 12:19:00] DEBUG: Finding repeats
[2026-01-24 12:19:00] DEBUG: Read coverage cutoff: 7
[2026-01-24 12:19:00] DEBUG: Repeat detection iteration 1
[2026-01-24 12:19:00] DEBUG: Total unique edges: 14
[2026-01-24 12:19:00] DEBUG: [SIMPL] Resolved repeats: 0
[2026-01-24 12:19:00] DEBUG: RR links: 0
[2026-01-24 12:19:00] DEBUG: Unresolved: 0
[2026-01-24 12:19:00] DEBUG: Removed 0 simple and 0 double chimeric junctions
[2026-01-24 12:19:00] DEBUG: [SIMPL] Collapsed 0 haplotypes
[2026-01-24 12:19:00] DEBUG: [SIMPL] Resolved 0 simple repeats
[2026-01-24 12:19:00] DEBUG: Read coverage cutoff: 7
[2026-01-24 12:19:00] DEBUG: [SIMPL] Removed 0 paths with low coverage
[2026-01-24 12:19:00] DEBUG: Finding repeats
[2026-01-24 12:19:00] DEBUG: Read coverage cutoff: 7
[2026-01-24 12:19:00] DEBUG: Repeat detection iteration 1
[2026-01-24 12:19:00] DEBUG: Writing Dot
[2026-01-24 12:19:00] DEBUG: Writing FASTA
[2026-01-24 12:19:00] DEBUG: Peak RAM usage: 0 Gb
-----------End assembly log------------
[2026-01-24 12:19:00] root: INFO: >>>STAGE: contigger
[2026-01-24 12:19:00] root: INFO: Generating contigs
[2026-01-24 12:19:00] root: DEBUG: -----Begin contigger analyser log------
[2026-01-24 12:19:00] root: DEBUG: Running: flye-modules contigger --graph-edges /var/folders/zg/vq0dnx517c54hg87dyqjky740000gn/T/.tmpQRyjbK/20-repeat/repeat_graph_edges.fasta --reads /Users/mschul/Downloads/sample01/sample01_autocycler/porechop_output_sample01/subsampled_reads/sample_03.fastq --out-dir /var/folders/zg/vq0dnx517c54hg87dyqjky740000gn/T/.tmpQRyjbK/30-contigger --config /opt/miniconda3/envs/autocycler/lib/python3.12/site-packages/flye/config/bin_cfg/asm_nano_hq.cfg --repeat-graph /var/folders/zg/vq0dnx517c54hg87dyqjky740000gn/T/.tmpQRyjbK/20-repeat/repeat_graph_dump --graph-aln /var/folders/zg/vq0dnx517c54hg87dyqjky740000gn/T/.tmpQRyjbK/20-repeat/read_alignment_dump --log /var/folders/zg/vq0dnx517c54hg87dyqjky740000gn/T/.tmpQRyjbK/flye.log --threads 10 --min-ovlp 2000
[2026-01-24 12:19:00] DEBUG: Build date: May  4 2025 23:20:18
[2026-01-24 12:19:00] DEBUG: Total RAM: 24 Gb
[2026-01-24 12:19:00] DEBUG: Available RAM: 0 Gb
[2026-01-24 12:19:00] DEBUG: Total CPUs: 10
[2026-01-24 12:19:00] DEBUG: Loading /opt/miniconda3/envs/autocycler/lib/python3.12/site-packages/flye/config/bin_cfg/asm_nano_hq.cfg
[2026-01-24 12:19:00] DEBUG: Loading /opt/miniconda3/envs/autocycler/lib/python3.12/site-packages/flye/config/bin_cfg/asm_defaults.cfg
[2026-01-24 12:19:00] DEBUG: 	big_genome_threshold=29000000
[2026-01-24 12:19:00] DEBUG: 	meta_read_filter_kmer_freq=100
[2026-01-24 12:19:00] DEBUG: 	chain_large_gap_penalty=2
[2026-01-24 12:19:00] DEBUG: 	chain_small_gap_penalty=0.5
[2026-01-24 12:19:00] DEBUG: 	chain_gap_jump_threshold=100
[2026-01-24 12:19:00] DEBUG: 	max_jump_gap=500
[2026-01-24 12:19:00] DEBUG: 	max_coverage_drop_rate=5
[2026-01-24 12:19:00] DEBUG: 	max_extensions_drop_rate=5
[2026-01-24 12:19:00] DEBUG: 	chimera_window=100
[2026-01-24 12:19:00] DEBUG: 	chimera_overhang=1000
[2026-01-24 12:19:00] DEBUG: 	min_reads_in_disjointig=4
[2026-01-24 12:19:00] DEBUG: 	max_inner_reads=10
[2026-01-24 12:19:00] DEBUG: 	max_inner_fraction=0.25
[2026-01-24 12:19:00] DEBUG: 	aggressive_dup_filter=1
[2026-01-24 12:19:00] DEBUG: 	max_separation=500
[2026-01-24 12:19:00] DEBUG: 	unique_edge_length=50000
[2026-01-24 12:19:00] DEBUG: 	min_repeat_res_support=0.51
[2026-01-24 12:19:00] DEBUG: 	out_paths_ratio=5
[2026-01-24 12:19:00] DEBUG: 	graph_cov_drop_rate=5
[2026-01-24 12:19:00] DEBUG: 	coverage_estimate_window=100
[2026-01-24 12:19:00] DEBUG: 	max_bubble_length=50000
[2026-01-24 12:19:00] DEBUG: 	loop_coverage_rate=1.5
[2026-01-24 12:19:00] DEBUG: 	repeat_edge_cov_mult=1.75
[2026-01-24 12:19:00] DEBUG: 	weak_detach_rate=5
[2026-01-24 12:19:00] DEBUG: 	tip_coverage_rate=2
[2026-01-24 12:19:00] DEBUG: 	tip_length_rate=2
[2026-01-24 12:19:00] DEBUG: 	output_gfa_before_rr=1
[2026-01-24 12:19:00] DEBUG: 	remove_alt_edges=0
[2026-01-24 12:19:00] DEBUG: 	low_cutoff_warning=0
[2026-01-24 12:19:00] DEBUG: 	kmer_size=17
[2026-01-24 12:19:00] DEBUG: 	use_minimizers=1
[2026-01-24 12:19:00] DEBUG: 	minimizer_window=10
[2026-01-24 12:19:00] DEBUG: 	reads_base_alignment=1
[2026-01-24 12:19:00] DEBUG: 	meta_read_top_kmer_rate=0.75
[2026-01-24 12:19:00] DEBUG: 	maximum_jump=1500
[2026-01-24 12:19:00] DEBUG: 	maximum_overhang=1500
[2026-01-24 12:19:00] DEBUG: 	repeat_kmer_rate=100
[2026-01-24 12:19:00] DEBUG: 	assemble_ovlp_divergence=0.03
[2026-01-24 12:19:00] DEBUG: 	assemble_divergence_relative=1
[2026-01-24 12:19:00] DEBUG: 	repeat_graph_ovlp_divergence=0.03
[2026-01-24 12:19:00] DEBUG: 	read_align_ovlp_divergence=0.10
[2026-01-24 12:19:00] DEBUG: 	hpc_scoring_on=1
[2026-01-24 12:19:00] DEBUG: 	add_unassembled_reads=0
[2026-01-24 12:19:00] DEBUG: 	extend_contigs_with_repeats=0
[2026-01-24 12:19:00] DEBUG: 	min_read_cov_cutoff=3
[2026-01-24 12:19:00] DEBUG: 	short_tip_length=20000
[2026-01-24 12:19:00] DEBUG: 	long_tip_length=100000
[2026-01-24 12:19:00] DEBUG: Running with k-mer size: 17
[2026-01-24 12:19:00] DEBUG: Selected minimum overlap 2000
[2026-01-24 12:19:00] INFO: Reading sequences
[2026-01-24 12:19:00] DEBUG: Building positional index
[2026-01-24 12:19:00] DEBUG: Total sequence: 114509642 bp
[2026-01-24 12:19:00] DEBUG: Flipped 0
[2026-01-24 12:19:00] DEBUG: UPath 1: 25 -> 18 -> 19 -> -24 -> 12 -> -22 -> 11 -> -26 -> 10
[2026-01-24 12:19:00] DEBUG: UPath 2: -21 -> -17 -> -23 -> 16
[2026-01-24 12:19:00] DEBUG: UPath 3: 20
[2026-01-24 12:19:00] DEBUG: Final graph contains 3 egdes
[2026-01-24 12:19:00] DEBUG: Extending contigs into repeats
[2026-01-24 12:19:00] DEBUG: Covered 0 repetitive contigs
[2026-01-24 12:19:00] INFO: Generated 3 contigs
[2026-01-24 12:19:00] DEBUG: Writing FASTA
[2026-01-24 12:19:00] DEBUG: Generating scaffold connections
[2026-01-24 12:19:00] INFO: Added 0 scaffold connections
[2026-01-24 12:19:00] DEBUG: Writing Dot
[2026-01-24 12:19:00] DEBUG: Writing FASTA
[2026-01-24 12:19:00] DEBUG: Writing Gfa
[2026-01-24 12:19:00] DEBUG: Peak RAM usage: 0 Gb
-----------End assembly log------------
[2026-01-24 12:19:00] root: INFO: >>>STAGE: polishing
[2026-01-24 12:19:00] root: INFO: Polishing genome (1/1)
[2026-01-24 12:19:00] root: INFO: Running minimap2
[2026-01-24 12:19:05] root: INFO: Separating alignment into bubbles
[2026-01-24 12:19:24] root: DEBUG: Generated 190046 bubbles
[2026-01-24 12:19:24] root: DEBUG: Split 0 long bubbles
[2026-01-24 12:19:24] root: DEBUG: Skipped 0 empty bubbles
[2026-01-24 12:19:24] root: DEBUG: Skipped 0 bubbles with long branches
[2026-01-24 12:19:24] root: INFO: Alignment error rate: 0.035326
[2026-01-24 12:19:24] root: INFO: Correcting bubbles
[2026-01-24 12:19:33] root: DEBUG: Mean contig coverage: 38, selected threshold: 8
[2026-01-24 12:19:33] root: DEBUG: Filtered 0 contigs of total length 0
[2026-01-24 12:19:33] root: DEBUG: Generating polished GFA
[2026-01-24 12:19:35] root: DEBUG: 0 sequences remained unpolished
[2026-01-24 12:19:35] root: INFO: >>>STAGE: finalize
[2026-01-24 12:19:35] root: DEBUG: ---Output dir contents:----
[2026-01-24 12:19:35] root: DEBUG: .tmpQRyjbK/
[2026-01-24 12:19:35] root: DEBUG:     2.0 M       assembly_graph.gfa
[2026-01-24 12:19:35] root: DEBUG:     92.0 B      params.json
[2026-01-24 12:19:35] root: DEBUG:     421.0 B     assembly_graph.gv
[2026-01-24 12:19:35] root: DEBUG:     35.0 K      flye.log
[2026-01-24 12:19:35] root: DEBUG:     2.0 M       assembly.fasta
[2026-01-24 12:19:35] root: DEBUG:     00-assembly/
[2026-01-24 12:19:35] root: DEBUG:         96.0 B      draft_assembly.fasta.fai
[2026-01-24 12:19:35] root: DEBUG:         3.0 M       draft_assembly.fasta
[2026-01-24 12:19:35] root: DEBUG:     40-polishing/
[2026-01-24 12:19:35] root: DEBUG:         2.0 M       filtered_contigs.fasta
[2026-01-24 12:19:35] root: DEBUG:         1020.0 K    base_coverage.bed.gz
[2026-01-24 12:19:35] root: DEBUG:         83.0 B      contigs_stats.txt
[2026-01-24 12:19:35] root: DEBUG:         931.0 B     minimap.stderr
[2026-01-24 12:19:35] root: DEBUG:         24.0 K      minimap_1.bam.csi
[2026-01-24 12:19:35] root: DEBUG:         83.0 B      filtered_stats.txt
[2026-01-24 12:19:35] root: DEBUG:         85.0 B      filtered_contigs.fasta.fai
[2026-01-24 12:19:35] root: DEBUG:         2.0 M       polished_edges.gfa
[2026-01-24 12:19:35] root: DEBUG:         131.0 B     edges_aln.bam.csi
[2026-01-24 12:19:35] root: DEBUG:     20-repeat/
[2026-01-24 12:19:35] root: DEBUG:         2.0 M       graph_before_rr.gfa
[2026-01-24 12:19:35] root: DEBUG:         2.0 M       read_alignment_dump
[2026-01-24 12:19:35] root: DEBUG:         2.0 K       repeat_graph_dump
[2026-01-24 12:19:35] root: DEBUG:         2.0 M       graph_before_rr.fasta
[2026-01-24 12:19:35] root: DEBUG:         1.0 K       graph_before_rr.gv
[2026-01-24 12:19:35] root: DEBUG:         2.0 M       repeat_graph_edges.fasta
[2026-01-24 12:19:35] root: DEBUG:         1.0 K       graph_after_rr.gv
[2026-01-24 12:19:35] root: DEBUG:     30-contigger/
[2026-01-24 12:19:35] root: DEBUG:         2.0 M       graph_final.fasta
[2026-01-24 12:19:35] root: DEBUG:         2.0 M       contigs.fasta
[2026-01-24 12:19:35] root: DEBUG:         179.0 B     contigs_stats.txt
[2026-01-24 12:19:35] root: DEBUG:         0.0 B       scaffolds_links.txt
[2026-01-24 12:19:35] root: DEBUG:         85.0 B      contigs.fasta.fai
[2026-01-24 12:19:35] root: DEBUG:         421.0 B     graph_final.gv
[2026-01-24 12:19:35] root: DEBUG:         2.0 M       graph_final.gfa
[2026-01-24 12:19:35] root: DEBUG:     10-consensus/
[2026-01-24 12:19:35] root: DEBUG:         3.0 M       consensus.fasta
[2026-01-24 12:19:35] root: DEBUG:         1016.0 B    minimap.stderr
[2026-01-24 12:19:35] root: DEBUG:         25.0 K      minimap.bam.csi
[2026-01-24 12:19:35] root: DEBUG: --------------------------
[2026-01-24 12:19:35] root: INFO: Assembly statistics:

	Total length:	2960098
	Fragments:	3
	Fragments N50:	2802249
	Largest frg:	2802249
	Scaffolds:	0
	Mean coverage:	38

[2026-01-24 12:19:35] root: INFO: Final assembly: /var/folders/zg/vq0dnx517c54hg87dyqjky740000gn/T/.tmpQRyjbK/assembly.fasta
