/!\ WARNING: Sequence set too small for the requested sample size
/!\ WARNING: The whole set will be used.
/!\	 The most frequent kmer has been found in less than 10% of the reads starts after approximate count (1.5661383610005257%)
/!\	 It could mean this file is already trimmed or the sample do not contains detectable adapters.
/!\	 The most frequent kmer has been found in less than 10% of the reads ends after approximate count (1.0778937880267407%)
/!\	 It could mean this file is already trimmed or the sample do not contains detectable adapters.
/!\	 The most frequent kmer has been found in less than 10% of the reads starts after approximate count (1.5661383610005257%)
/!\	 It could mean this file is already trimmed or the sample do not contains detectable adapters.
/!\	 The most frequent kmer has been found in less than 10% of the reads ends after approximate count (1.0778937880267407%)
/!\	 It could mean this file is already trimmed or the sample do not contains detectable adapters.
/!\	 The most frequent kmer has been found in less than 10% of the reads starts after approximate count (1.5661383610005257%)
/!\	 It could mean this file is already trimmed or the sample do not contains detectable adapters.
/!\	 The most frequent kmer has been found in less than 10% of the reads ends after approximate count (1.0778937880267407%)
/!\	 It could mean this file is already trimmed or the sample do not contains detectable adapters.
/!\	 The most frequent kmer has been found in less than 10% of the reads starts after approximate count (1.5661383610005257%)
/!\	 It could mean this file is already trimmed or the sample do not contains detectable adapters.
/!\	 The most frequent kmer has been found in less than 10% of the reads ends after approximate count (1.0778937880267407%)
/!\	 It could mean this file is already trimmed or the sample do not contains detectable adapters.
/!\	 The most frequent kmer has been found in less than 10% of the reads starts after approximate count (1.5661383610005257%)
/!\	 It could mean this file is already trimmed or the sample do not contains detectable adapters.
/!\	 The most frequent kmer has been found in less than 10% of the reads ends after approximate count (1.0778937880267407%)
/!\	 It could mean this file is already trimmed or the sample do not contains detectable adapters.
/!\	 The most frequent kmer has been found in less than 10% of the reads starts after approximate count (1.5661383610005257%)
/!\	 It could mean this file is already trimmed or the sample do not contains detectable adapters.
/!\	 The most frequent kmer has been found in less than 10% of the reads ends after approximate count (1.0778937880267407%)
/!\	 It could mean this file is already trimmed or the sample do not contains detectable adapters.
/!\	 The most frequent kmer has been found in less than 10% of the reads starts after approximate count (1.5661383610005257%)
/!\	 It could mean this file is already trimmed or the sample do not contains detectable adapters.
/!\	 The most frequent kmer has been found in less than 10% of the reads ends after approximate count (1.0778937880267407%)
/!\	 It could mean this file is already trimmed or the sample do not contains detectable adapters.
/!\	 The most frequent kmer has been found in less than 10% of the reads starts after approximate count (1.5661383610005257%)
/!\	 It could mean this file is already trimmed or the sample do not contains detectable adapters.
/!\	 The most frequent kmer has been found in less than 10% of the reads ends after approximate count (1.0778937880267407%)
/!\	 It could mean this file is already trimmed or the sample do not contains detectable adapters.
/!\	 The most frequent kmer has been found in less than 10% of the reads starts after approximate count (1.5661383610005257%)
/!\	 It could mean this file is already trimmed or the sample do not contains detectable adapters.
/!\	 The most frequent kmer has been found in less than 10% of the reads ends after approximate count (1.0778937880267407%)
/!\	 It could mean this file is already trimmed or the sample do not contains detectable adapters.
/!\	 The most frequent kmer has been found in less than 10% of the reads starts after approximate count (1.5661383610005257%)
/!\	 It could mean this file is already trimmed or the sample do not contains detectable adapters.
/!\	 The most frequent kmer has been found in less than 10% of the reads ends after approximate count (1.0778937880267407%)
/!\	 It could mean this file is already trimmed or the sample do not contains detectable adapters.
/!\	 Frequency warning triggered by 10/10 runs for start adapters
/!\	 Frequency warning triggered by 10/10 runs for end adapters
